Archive member included because of file (symbol)

/opt/devkitPro/libnds/lib/libfat.a(libfat.o)
                              main.o (fatInitDefault)
/opt/devkitPro/libnds/lib/libfat.a(partition.o)
                              /opt/devkitPro/libnds/lib/libfat.a(libfat.o) (_FAT_partition_destructor)
/opt/devkitPro/libnds/lib/libfat.a(cache.o)
                              /opt/devkitPro/libnds/lib/libfat.a(partition.o) (_FAT_cache_destructor)
/opt/devkitPro/libnds/lib/libfat.a(disc.o)
                              /opt/devkitPro/libnds/lib/libfat.a(libfat.o) (_FAT_disc_interfaces)
/opt/devkitPro/libnds/lib/libfat.a(fatdir.o)
                              /opt/devkitPro/libnds/lib/libfat.a(libfat.o) (_FAT_link_r)
/opt/devkitPro/libnds/lib/libfat.a(fatfile.o)
                              /opt/devkitPro/libnds/lib/libfat.a(libfat.o) (_FAT_ftruncate_r)
/opt/devkitPro/libnds/lib/libfat.a(file_allocation_table.o)
                              /opt/devkitPro/libnds/lib/libfat.a(fatfile.o) (_FAT_fat_nextCluster)
/opt/devkitPro/libnds/lib/libfat.a(filetime.o)
                              /opt/devkitPro/libnds/lib/libfat.a(fatdir.o) (_FAT_filetime_getDateFromRTC)
/opt/devkitPro/libnds/lib/libfat.a(directory.o)
                              /opt/devkitPro/libnds/lib/libfat.a(fatdir.o) (_FAT_directory_entryGetCluster)
/opt/devkitPro/libnds/lib/libnds9.a(initSystem.o)
                              /opt/devkitPro/devkitARM/lib/gcc/arm-eabi/4.3.3/../../../../arm-eabi/lib/thumb/ds_arm9_crt0.o (initSystem)
/opt/devkitPro/libnds/lib/libnds9.a(keys.o)
                              Game.o (scanKeys)
/opt/devkitPro/libnds/lib/libnds9.a(sprite.o)
                              Game_room1.o (oamDisable)
/opt/devkitPro/libnds/lib/libnds9.a(sprite_alloc.o)
                              /opt/devkitPro/libnds/lib/libnds9.a(sprite.o) (oamAllocReset)
/opt/devkitPro/libnds/lib/libnds9.a(system.o)
                              /opt/devkitPro/libnds/lib/libnds9.a(initSystem.o) (powerValueHandler)
/opt/devkitPro/libnds/lib/libnds9.a(touch.o)
                              Game.o (touchRead)
/opt/devkitPro/libnds/lib/libnds9.a(trig.o)
                              /opt/devkitPro/libnds/lib/libnds9.a(sprite.o) (sinLerp)
/opt/devkitPro/libnds/lib/libnds9.a(videoGL.o)
                              Game.o (glGlobalData)
/opt/devkitPro/libnds/lib/libnds9.a(dldi.o)
                              /opt/devkitPro/libnds/lib/libfat.a(disc.o) (dldiGetInternal)
/opt/devkitPro/libnds/lib/libnds9.a(fifosystem.o)
                              /opt/devkitPro/libnds/lib/libnds9.a(initSystem.o) (fifoSetValue32Handler)
/opt/devkitPro/libnds/lib/libnds9.a(interrupts.o)
                              irq_management.o (irqSet)
/opt/devkitPro/libnds/lib/libnds9.a(dcache.o)
                              /opt/devkitPro/libnds/lib/libnds9.a(sprite.o) (DC_FlushRange)
/opt/devkitPro/libnds/lib/libnds9.a(dldi_stub.o)
                              /opt/devkitPro/libnds/lib/libnds9.a(dldi.o) (_io_dldi_stub)
/opt/devkitPro/libnds/lib/libnds9.a(biosCalls.o)
                              /opt/devkitPro/libnds/lib/libnds9.a(system.o) (swiDelay)
/opt/devkitPro/libnds/lib/libnds9.a(interruptDispatcher.o)
                              /opt/devkitPro/libnds/lib/libnds9.a(interrupts.o) (IntrMain)
/opt/devkitPro/libnds/lib/libnds9.a(video.o)
                              /opt/devkitPro/libnds/lib/libnds9.a(videoGL.o) (vramSetMainBanks)
/opt/devkitPro/libnds/lib/libmm9.a(mm_comms.o)
                              Game.o (mmStart)
/opt/devkitPro/libnds/lib/libmm9.a(mm_main9.o)
                              /opt/devkitPro/libnds/lib/libmm9.a(mm_comms.o) (mmCallback)
/opt/devkitPro/libnds/lib/libmm9.a(mm_memory.o)
                              Game.o (mmLoad)
/opt/devkitPro/libnds/lib/libmm9.a(mm_soundbank.o)
                              /opt/devkitPro/libnds/lib/libmm9.a(mm_main9.o) (mmSoundBankInMemory)
/opt/devkitPro/libnds/lib/libmm9.a(mm_flusher.o)
                              /opt/devkitPro/libnds/lib/libmm9.a(mm_memory.o) (mmFlushBank)
/opt/devkitPro/devkitARM/lib/gcc/arm-eabi/4.3.3/thumb/libgcc.a(_udivsi3.o)
                              /opt/devkitPro/libnds/lib/libfat.a(partition.o) (__aeabi_uidiv)
/opt/devkitPro/devkitARM/lib/gcc/arm-eabi/4.3.3/thumb/libgcc.a(_divsi3.o)
                              /opt/devkitPro/libnds/lib/libfat.a(directory.o) (__aeabi_idiv)
/opt/devkitPro/devkitARM/lib/gcc/arm-eabi/4.3.3/thumb/libgcc.a(_dvmd_tls.o)
                              /opt/devkitPro/devkitARM/lib/gcc/arm-eabi/4.3.3/thumb/libgcc.a(_udivsi3.o) (__div0)
/opt/devkitPro/devkitARM/lib/gcc/arm-eabi/4.3.3/thumb/libgcc.a(_muldi3.o)
                              /opt/devkitPro/libnds/lib/libfat.a(partition.o) (__aeabi_lmul)
/opt/devkitPro/devkitARM/lib/gcc/arm-eabi/4.3.3/../../../../arm-eabi/lib/thumb/libg.a(lib_a-bsearch.o)
                              /opt/devkitPro/libnds/lib/libnds9.a(trig.o) (bsearch)
[...]
Memory Configuration

Name             Origin             Length             Attributes
rom              0x08000000         0x02000000
ewram            0x02000000         0x003ff000
dtcm             0x0b000000         0x00004000
vectors          0x01000000         0x00000100
itcm             0x01000100         0x00007f00
*default*        0x00000000         0xffffffff

Linker script and memory map

                0x01000000                __vectors_start = 0x1000000
                0x01000100                __itcm_start = 0x1000100
                0x023ff000                __ewram_end = 0x23ff000
                0x023ff000                __eheap_end = 0x23ff000
                0x0b000000                __dtcm_start = 0xb000000
                0x0b004000                __dtcm_top = 0xb004000
                0x0b003ff8                __irq_flags = (__dtcm_top - 0x8)
                0x0b003ffc                __irq_vector = (__dtcm_top - 0x4)
                0x0b003f00                __sp_svc = (__dtcm_top - 0x100)
                0x0b003e00                __sp_irq = (__sp_svc - 0x100)
                0x0b003d00                __sp_usr = (__sp_irq - 0x100)

.init           0x02000000      0x30c
                0x02000000                __text_start = .
 *(.init)
 .init          0x02000000      0x300 /opt/devkitPro/devkitARM/lib/gcc/arm-eabi/4.3.3/../../../../arm-eabi/lib/thumb/ds_arm9_crt0.o
                0x02000000                _start
 .init          0x02000300        0x4 /opt/devkitPro/devkitARM/lib/gcc/arm-eabi/4.3.3/thumb/crti.o
                0x02000300                _init
 .init          0x02000304        0x8 /opt/devkitPro/devkitARM/lib/gcc/arm-eabi/4.3.3/thumb/crtn.o
                0x0200030c                . = ALIGN (0x4)

.plt
 *(.plt)

.text           0x02000340    0x1d9bc
 *(EXCLUDE_FILE(*.itcm*) .text)
 .text          0x02000340        0x0 /opt/devkitPro/devkitARM/lib/gcc/arm-eabi/4.3.3/../../../../arm-eabi/lib/thumb/ds_arm9_crt0.o
 .text          0x02000340        0x0 /opt/devkitPro/devkitARM/lib/gcc/arm-eabi/4.3.3/thumb/crti.o
 .text          0x02000340       0x70 /opt/devkitPro/devkitARM/lib/gcc/arm-eabi/4.3.3/thumb/crtbegin.o
 .text          0x020003b0        0x0 soundbank.bin.o
 .text          0x020003b0        0x0 background_room1_main.o
 .text          0x020003b0        0x0 background_room1.o
 .text          0x020003b0        0x0 digits.o
 .text          0x020003b0        0x0 keyboard.o
 .text          0x020003b0        0x0 locker.o
 .text          0x020003b0        0x0 mergedsub_room1.o
 .text          0x020003b0        0x0 morse.o
 .text          0x020003b0        0x0 start_main.o
 .text          0x020003b0        0x0 start_sub.o
 .text          0x020003b0        0x0 zone.o
 .text          0x020003b0      0x460 Game.o
                0x02000428                play_Room1
                0x020003b0                play_MenuStart
                0x02000808                play_MenuEnd
                0x02000800                play_Room2
 .text          0x02000810      0x108 Game_menu.o
                0x02000810                readGameState
                0x0200088c                writeGameState
 .text          0x02000918      0x470 Game_room1.o
                0x02000918                play_radio
                0x0200098c                play_door
                0x02000980                play_card
                0x02000d48                play_trap
 .text          0x02000d88      0x6ac Graphics.o
                0x020011a0                display_morse
                0x02000e60                configure_room1_gfx
                0x02000d88                configure_MenuStart_gfx
                0x0200142c                configure_Room2
                0x02001430                configure_MenuEnd
                0x0200122c                display_locker
                0x0200134c                display_digits
 .text          0x02001434       0x90 irq_management.o
                0x02001498                configure_room1_irq
                0x02001434                ISR_Timer1
 .text          0x020014c4      0x124 main.o
                0x020014c4                main
 .text          0x020015e8      0x180 object_room1.o
                0x020016b8                object_touched
                0x020015e8                configure_objects
 .text          0x02001768      0x204 /opt/devkitPro/libnds/lib/libfat.a(libfat.o)
                0x020017a0                fatMount
                0x02001768                fatUnmount
                0x0200195c                fatMountSimple
                0x0200194c                fatInitDefault
                0x02001804                fatInit
 *fill*         0x0200196c        0x4 ff
 .text          0x02001970      0x340 /opt/devkitPro/libnds/lib/libfat.a(partition.o)
                0x02001970                _FAT_partition_getPartitionFromPath
                0x02001984                _FAT_partition_destructor
                0x020019ac                _FAT_partition_constructor
 .text          0x02001cb0      0x38c /opt/devkitPro/libnds/lib/libfat.a(cache.o)
                0x02001d84                _FAT_cache_flush
                0x02001eb0                _FAT_cache_writeLittleEndianValue
                0x02001e64                _FAT_cache_writePartialSector
                0x02001ddc                _FAT_cache_invalidate
                0x02001fa8                _FAT_cache_destructor
                0x02001f50                _FAT_cache_readLittleEndianValue
                0x02001fc4                _FAT_cache_constructor
                0x02001f18                _FAT_cache_readPartialSector
                0x02001e00                _FAT_cache_eraseWritePartialSector
 .text          0x0200203c        0x0 /opt/devkitPro/libnds/lib/libfat.a(disc.o)
 .text          0x0200203c      0x784 /opt/devkitPro/libnds/lib/libfat.a(fatdir.o)
                0x020020f0                _FAT_stat_r
                0x02002058                _FAT_dirnext_r
                0x02002664                _FAT_unlink_r
                0x02002488                _FAT_rename_r
                0x0200203c                _FAT_link_r
                0x02002048                _FAT_dirclose_r
                0x02002608                _FAT_chdir_r
                0x020020bc                _FAT_dirreset_r
                0x02002170                _FAT_diropen_r
                0x02002220                _FAT_statvfs_r
                0x02002278                _FAT_mkdir_r
 .text          0x020027c0     0x10b8 /opt/devkitPro/libnds/lib/libfat.a(fatfile.o)
                0x020029b4                _FAT_ftruncate_r
                0x02002cc4                _FAT_write_r
                0x02002b00                _FAT_seek_r
                0x0200311c                _FAT_read_r
                0x02003418                _FAT_syncToDisc
                0x02003580                _FAT_open_r
                0x020034f8                _FAT_fsync_r
                0x02003520                _FAT_close_r
                0x02002c4c                _FAT_fstat_r
 .text          0x02003878      0x458 /opt/devkitPro/libnds/lib/libfat.a(file_allocation_table.o)
                0x02003968                _FAT_fat_freeClusterCount
                0x02003af0                _FAT_fat_clearLinks
                0x02003878                _FAT_fat_nextCluster
                0x02003c64                _FAT_fat_linkFreeClusterCleared
                0x02003b4c                _FAT_fat_trimChain
                0x02003bd4                _FAT_fat_linkFreeCluster
                0x02003994                _FAT_fat_lastCluster
 .text          0x02003cd0       0xc8 /opt/devkitPro/libnds/lib/libfat.a(filetime.o)
                0x02003d08                _FAT_filetime_getDateFromRTC
                0x02003cd0                _FAT_filetime_to_time_t
                0x02003d50                _FAT_filetime_getTimeFromRTC
 .text          0x02003d98     0x12dc /opt/devkitPro/libnds/lib/libfat.a(directory.o)
                0x02005038                _FAT_directory_chdir
                0x02003e38                _FAT_directory_entryStat
                0x02004074                _FAT_directory_removeEntry
                0x02003ef8                _FAT_directory_getRootEntry
                0x02004204                _FAT_directory_entryFromPosition
                0x02004344                _FAT_directory_getNextEntry
                0x02004568                _FAT_directory_getFirstEntry
                0x02003e0c                _FAT_directory_entryGetCluster
                0x02004634                _FAT_directory_addEntry
                0x02004e5c                _FAT_directory_entryFromPath
 .text          0x02005074       0xec /opt/devkitPro/libnds/lib/libnds9.a(initSystem.o)
                0x02005074                initSystem
 .text          0x02005160      0x134 /opt/devkitPro/libnds/lib/libnds9.a(keys.o)
                0x02005220                keysSetRepeat
                0x02005210                keysDownRepeat
                0x0200525c                keysCurrent
                0x020051f0                keysHeld
                0x02005244                keysUp
                0x020051fc                keysDown
                0x02005160                scanKeys
 .text          0x02005294      0x484 /opt/devkitPro/libnds/lib/libnds9.a(sprite.o)
                0x02005294                oamDisable
                0x0200531c                oamClear
                0x02005548                oamRotateScale
                0x020052e8                oamGetGfxPtr
                0x020052c4                oamEnable
                0x02005344                oamGfxPtrToOffset
                0x020055a8                oamUpdate
                0x0200560c                oamInit
                0x0200537c                oamSet
 .text          0x02005718      0x364 /opt/devkitPro/libnds/lib/libnds9.a(sprite_alloc.o)
                0x02005754                oamCountFragments
                0x02005718                resizeBuffer
                0x02005890                oamAllocReset
                0x02005734                getAllocHeader
                0x0200587c                oamFreeGfx
                0x020058c8                simpleAlloc
                0x02005a44                oamAllocateGfx
                0x020057a0                simpleFree
 .text          0x02005a7c       0xf4 /opt/devkitPro/libnds/lib/libnds9.a(system.o)
                0x02005b2c                systemMsgHandler
                0x02005ac4                powerOn
                0x02005b14                powerValueHandler
                0x02005a7c                ledBlink
                0x02005af8                systemSleep
                0x02005a94                powerOff
 .text          0x02005b70       0x4c /opt/devkitPro/libnds/lib/libnds9.a(touch.o)
                0x02005b70                touchRead
                0x02005b98                touchReadXY
 .text          0x02005bbc      0x264 /opt/devkitPro/libnds/lib/libnds9.a(trig.o)
                0x02005d54                arcSinComp
                0x02005d84                asinLerp
                0x02005d14                tanLerp
                0x02005bbc                sinLutLookup
                0x02005cc8                tanLutLookup
                0x02005cac                cosLerp
                0x02005e04                acosLerp
                0x02005c0c                sinLerp
 .text          0x02005e20      0xa94 /opt/devkitPro/libnds/lib/libnds9.a(videoGL.o)
                0x02005f68                glTexCoord2f32
                0x020062a4                glTexImage2D
                0x02005edc                glGenTextures
                0x02005eac                glResetTextures
                0x020065c0                glRotatef32i
                0x0200624c                glTexLoadPal
                0x02005ff4                glTexParameter
                0x02005e20                glGetGlobals
                0x02006074                getNextPaletteSlot
                0x020060c8                vramGetBank
                0x02006064                alignVal
                0x0200604c                glGetTexParameter
                0x02006280                gluTexLoadPal
                0x02005e28                glMaterialf
                0x02005f1c                glBindTexture
                0x02006024                glGetTexturePointer
                0x02006188                vramIsTextureBank
                0x02005f4c                glColorTable
                0x020061e8                getNextTextureSlot
                0x0200641c                glInit_C
 .text          0x020068b4      0x26c /opt/devkitPro/libnds/lib/libnds9.a(dldi.o)
                0x02006a24                dldiLoadFromFile
                0x02006920                dldiFree
                0x020068ec                dldiIsValid
                0x020068b4                dldiGetInternal
                0x02006930                dldiFixDriverAddresses
 .text          0x02006b20     0x18b8 /opt/devkitPro/libnds/lib/libnds9.a(fifosystem.o)
                0x02007abc                fifoInternalRecvPopFirst
                0x02006ba8                fifoCheckValue32
                0x02006cb8                fifoCheckDatamsgLength
                0x020074b0                fifoGetLostWordCount
                0x02007420                fifoGetBufferUsage
                0x02008180                fifoSendValue32
                0x02008090                fifoInternalSend
                0x02007188                fifoGetDatamsg
                0x02006fa0                fifoGetValue32
                0x02006db8                fifoGetAddress
                0x02006d48                fifoCountDatamsg
                0x020070f0                fifoForceValue32Handler
                0x02006c30                fifoCheckDatamsg
                0x02007a5c                fifoInternalRecvPeek
                0x02007fb0                fifoInternalAllocFreeBlock
                0x02006f78                fifoSetAddressHandler
                0x02007a1c                fifoInternalProtect
                0x02007364                fifoForceDatamsgHandler
                0x02007ec4                fifoInternalSendEnqueue
                0x02008128                fifoSendDatamsg
                0x02007cfc                fifoInternalSendEmpty
                0x02007e48                fifoInternalSendInterrupt
                0x020081c8                fifoSendAddress
                0x02007d0c                fifoInternalSendDeque
                0x020074bc                fifoInternalRecvInterrupt
                0x02006b20                fifoCheckAddress
                0x02008004                fifoInternalFreeCheck
                0x02007b90                fifoInternalRecvWordCount
                0x02007c10                fifoInternalRecvPushBack
                0x02007a38                fifoInternalUnprotect
                0x02006f08                fifoForceAddressHandler
                0x02007160                fifoSetValue32Handler
                0x02007de0                fifoInternalBeginSend
                0x02008204                fifoInit
                0x020073f8                fifoSetDatamsgHandler
                0x02007fe0                fifoInternalFreeBlock
 .text          0x020083d8      0x1a8 /opt/devkitPro/libnds/lib/libnds9.a(interrupts.o)
                0x020084b8                irqEnable
                0x020083dc                irqSet
                0x02008504                irqDisable
                0x0200843c                irqInit
                0x020083d8                irqDummy
                0x02008488                irqInitHandler
                0x02008550                irqClear
 .text          0x02008580       0x70 /opt/devkitPro/libnds/lib/libnds9.a(dcache.o)
                0x02008580                DC_FlushAll
                0x020085ac                DC_FlushRange
                0x020085d4                DC_InvalidateRange
                0x020085c8                DC_InvalidateAll
 *fill*         0x020085f0       0x10 ff
 .text          0x02008600     0x8000 /opt/devkitPro/libnds/lib/libnds9.a(dldi_stub.o)
                0x02008600                _io_dldi_stub
 .text          0x02010600       0x70 /opt/devkitPro/libnds/lib/libnds9.a(biosCalls.o)
                0x02010610                swiSleep
                0x0201064a                swiDecompressLZSSVram
                0x02010632                swiFastCopy
                0x02010636                swiSqrt
                0x02010600                swiSoftReset
                0x0201063a                swiCRC16
                0x0201064e                swiDecompressHuffman
                0x02010666                swiSetHaltCR
                0x0201061c                swiRemainder
                0x02010642                swiUnpackBits
                0x02010646                swiDecompressLZSSWram
                0x02010662                swiDecodeDelta16
                0x02010604                swiDelay
                0x02010622                swiDivMod
                0x02010656                swiDecompressRLEVram
                0x02010652                swiDecompressRLEWram
                0x0201065e                swiDecodeDelta8
                0x02010618                swiDivide
                0x02010614                swiChangeSoundBias
                0x0201060c                swiWaitForVBlank
                0x02010608                swiIntrWait
                0x0201063e                swiIsDebugger
                0x0201065a                swiWaitForIRQ
                0x0201062e                swiCopy
 .text          0x02010670        0x0 /opt/devkitPro/libnds/lib/libnds9.a(interruptDispatcher.o)
 .text          0x02010670      0x144 /opt/devkitPro/libnds/lib/libnds9.a(video.o)
                0x02010724                vramSetBankF
                0x020106b4                vramRestoreMainBanks
                0x0201074c                vramSetBankH
                0x020106fc                vramSetBankD
                0x02010710                vramSetBankE
                0x02010774                setBrightness
                0x02010738                vramSetBankG
                0x020106d4                vramSetBankB
                0x020106e8                vramSetBankC
                0x02010760                vramSetBankI
                0x02010670                vramSetMainBanks
                0x020106c0                vramSetBankA
 .text          0x020107b4      0x240 /opt/devkitPro/libnds/lib/libmm9.a(mm_comms.o)
                0x020109a2                mmReverbStop
                0x020108d0                mmEffectVolume
                0x02010836                mmSetModulePitch
                0x0201083e                mmSelectMode
                0x02010816                mmPause
                0x0201082e                mmSetJingleVolume
                0x0201093a                mmReverbEnable
                0x0201080c                mmStart
                0x0201083a                mmSetEffectsVolume
                0x020108f2                mmEffectCancel
                0x02010826                mmJingle
                0x0201081a                mmResume
                0x02010856                mmStreamEnd
                0x02010800                mmLockChannels
                0x020107b4                mmSetupComms
                0x02010806                mmUnlockChannels
                0x020108d8                mmEffectRate
                0x020108ac                mmEffect
                0x02010832                mmSetModuleTempo
                0x020108ec                mmEffectRelease
                0x020108d4                mmEffectPanning
                0x0201082a                mmSetModuleVolume
                0x0201099e                mmReverbStart
                0x02010942                mmReverbConfigure
                0x02010842                mmStreamBegin
                0x02010822                mmPosition
                0x0201093e                mmReverbDisable
                0x0201081e                mmStop
                0x020108f8                mmEffectEx
                0x02010936                mmEffectCancelAll
                0x020108e2                mmEffectScaleRate
                0x020107f6                mmSendBank
 .text          0x020109f4      0x108 /opt/devkitPro/libnds/lib/libmm9.a(mm_main9.o)
                0x02010a2a                mmInitDefault
                0x02010ab4                mmRestoreIRQ_t
                0x02010a74                mmInitDefaultMem
                0x02010a96                mmSuspendIRQ_t
                0x02010a00                mmInit
                0x020109fa                mmSetEventHandler
                0x020109f4                mmActive
 .text          0x02010afc      0x120 /opt/devkitPro/libnds/lib/libmm9.a(mm_memory.o)
                0x02010afc                mmLoad
                0x02010ba4                mmLoadEffect
                0x02010b4c                mmUnload
                0x02010bdc                mmUnloadEffect
 .text          0x02010c1c      0x100 /opt/devkitPro/libnds/lib/libmm9.a(mm_soundbank.o)
                0x02010c62                mmsHandleFileOp
                0x02010c24                mmSoundBankInFiles
                0x02010c1c                mmSoundBankInMemory
                0x02010c36                mmSetCustomSoundBankHandler
 .text          0x02010d1c       0x3c /opt/devkitPro/libnds/lib/libmm9.a(mm_flusher.o)
                0x02010d1c                mmFlushBank
 .text          0x02010d58       0x8c /opt/devkitPro/devkitARM/lib/gcc/arm-eabi/4.3.3/thumb/libgcc.a(_udivsi3.o)
                0x02010d58                __udivsi3
                0x02010d58                __aeabi_uidiv
                0x02010dd4                __aeabi_uidivmod
 .text          0x02010de4       0xa4 /opt/devkitPro/devkitARM/lib/gcc/arm-eabi/4.3.3/thumb/libgcc.a(_divsi3.o)
                0x02010de4                __aeabi_idiv
                0x02010de4                __divsi3
                0x02010e78                __aeabi_idivmod
 .text          0x02010e88        0x4 /opt/devkitPro/devkitARM/lib/gcc/arm-eabi/4.3.3/thumb/libgcc.a(_dvmd_tls.o)
                0x02010e88                __aeabi_ldiv0
                0x02010e88                __div0
                0x02010e88                __aeabi_idiv0
 .text          0x02010e8c       0x70 /opt/devkitPro/devkitARM/lib/gcc/arm-eabi/4.3.3/thumb/libgcc.a(_muldi3.o)
                0x02010e8c                __aeabi_lmul
                0x02010e8c                __muldi3
 .text          0x02010efc       0x5c /opt/devkitPro/devkitARM/lib/gcc/arm-eabi/4.3.3/../../../../arm-eabi/lib/thumb/libg.a(lib_a-bsearch.o)
                0x02010efc                bsearch
 .text          0x02010f58       0xc0 /opt/devkitPro/devkitARM/lib/gcc/arm-eabi/4.3.3/../../../../arm-eabi/lib/thumb/libg.a(lib_a-fclose.o)
                0x02010f58                _fclose_r
                0x02010ffc                fclose
 .text          0x02011018      0x150 /opt/devkitPro/devkitARM/lib/gcc/arm-eabi/4.3.3/../../../../arm-eabi/lib/thumb/libg.a(lib_a-fflush.o)
                0x02011134                fflush
                0x02011018                _fflush_r
 .text          0x02011168      0x1f0 /opt/devkitPro/devkitARM/lib/gcc/arm-eabi/4.3.3/../../../../arm-eabi/lib/thumb/libg.a(lib_a-findfp.o)
                0x02011234                __sinit
                0x02011290                __sfmoreglue
                0x020111cc                _cleanup
                0x020111b8                _cleanup_r
                0x0201119c                __fp_lock_all
                0x02011168                __sfp_lock_acquire
                0x020112c4                __sfp
                0x02011174                __sinit_lock_release
                0x02011180                __fp_unlock_all
                0x0201116c                __sfp_lock_release
                0x02011170                __sinit_lock_acquire
 .text          0x02011358       0xa4 /opt/devkitPro/devkitARM/lib/gcc/arm-eabi/4.3.3/../../../../arm-eabi/lib/thumb/libg.a(lib_a-fopen.o)
                0x020113e0                fopen
                0x02011358                _fopen_r
 .text          0x020113fc       0x38 /opt/devkitPro/devkitARM/lib/gcc/arm-eabi/4.3.3/../../../../arm-eabi/lib/thumb/libg.a(lib_a-fprintf.o)
                0x020113fc                fprintf
                0x0201141c                _fprintf_r
 .text          0x02011434      0x19c /opt/devkitPro/devkitARM/lib/gcc/arm-eabi/4.3.3/../../../../arm-eabi/lib/thumb/libg.a(lib_a-fread.o)
                0x020115a8                fread
                0x02011434                _fread_r
 .text          0x020115d0      0x23c /opt/devkitPro/devkitARM/lib/gcc/arm-eabi/4.3.3/../../../../arm-eabi/lib/thumb/libg.a(lib_a-freer.o)
                0x02011678                _free_r
                0x020115d0                _malloc_trim_r
 .text          0x0201180c       0x38 /opt/devkitPro/devkitARM/lib/gcc/arm-eabi/4.3.3/../../../../arm-eabi/lib/thumb/libg.a(lib_a-fscanf.o)
                0x02011824                fscanf
                0x0201180c                _fscanf_r
 .text          0x02011844      0x30c /opt/devkitPro/devkitARM/lib/gcc/arm-eabi/4.3.3/../../../../arm-eabi/lib/thumb/libg.a(lib_a-fseek.o)
                0x02011b28                fseek
                0x02011844                _fseek_r
 .text          0x02011b50       0xc8 /opt/devkitPro/devkitARM/lib/gcc/arm-eabi/4.3.3/../../../../arm-eabi/lib/thumb/libg.a(lib_a-fwalk.o)
                0x02011bb8                _fwalk
                0x02011b50                _fwalk_reent
 .text          0x02011c18        0x0 /opt/devkitPro/devkitARM/lib/gcc/arm-eabi/4.3.3/../../../../arm-eabi/lib/thumb/libg.a(lib_a-impure.o)
 .text          0x02011c18       0x88 /opt/devkitPro/devkitARM/lib/gcc/arm-eabi/4.3.3/../../../../arm-eabi/lib/thumb/libg.a(lib_a-init.o)
                0x02011c48                __libc_init_array
                0x02011c18                __libc_fini_array
 .text          0x02011ca0       0x10 /opt/devkitPro/devkitARM/lib/gcc/arm-eabi/4.3.3/../../../../arm-eabi/lib/thumb/libg.a(lib_a-lcltime_r.o)
                0x02011ca0                localtime_r
 .text          0x02011cb0      0x28c /opt/devkitPro/devkitARM/lib/gcc/arm-eabi/4.3.3/../../../../arm-eabi/lib/thumb/libg.a(lib_a-locale.o)
                0x02011ccc                _setlocale_r
                0x02011cb0                __locale_charset
                0x02011cbc                _localeconv_r
                0x02011f20                setlocale
                0x02011cc4                localeconv
 .text          0x02011f3c       0xe8 /opt/devkitPro/devkitARM/lib/gcc/arm-eabi/4.3.3/../../../../arm-eabi/lib/thumb/libg.a(lib_a-makebuf.o)
                0x02011f3c                __smakebuf_r
 .text          0x02012024       0x30 /opt/devkitPro/devkitARM/lib/gcc/arm-eabi/4.3.3/../../../../arm-eabi/lib/thumb/libg.a(lib_a-malloc.o)
                0x0201203c                malloc
                0x02012024                free
 .text          0x02012054      0x510 /opt/devkitPro/devkitARM/lib/gcc/arm-eabi/4.3.3/../../../../arm-eabi/lib/thumb/libg.a(lib_a-mallocr.o)
                0x02012054                _malloc_r
 .text          0x02012564       0x70 /opt/devkitPro/devkitARM/lib/gcc/arm-eabi/4.3.3/../../../../arm-eabi/lib/thumb/libg.a(lib_a-mbrtowc.o)
                0x020125ac                mbrtowc
                0x02012564                _mbrtowc_r
 .text          0x020125d4       0xf4 /opt/devkitPro/devkitARM/lib/gcc/arm-eabi/4.3.3/../../../../arm-eabi/lib/thumb/libg.a(lib_a-mbsrtowcs.o)
                0x020126a0                mbsrtowcs
                0x020125d4                _mbsrtowcs_r
 .text          0x020126c8      0x69c /opt/devkitPro/devkitARM/lib/gcc/arm-eabi/4.3.3/../../../../arm-eabi/lib/thumb/libg.a(lib_a-mbtowc_r.o)
                0x020126c8                _mbtowc_r
 .text          0x02012d64       0x58 /opt/devkitPro/devkitARM/lib/gcc/arm-eabi/4.3.3/../../../../arm-eabi/lib/thumb/libg.a(lib_a-memcmp.o)
                0x02012d64                memcmp
 .text          0x02012dbc       0x88 /opt/devkitPro/devkitARM/lib/gcc/arm-eabi/4.3.3/../../../../arm-eabi/lib/thumb/libg.a(lib_a-memcpy.o)
                0x02012dbc                memcpy
 .text          0x02012e44       0xb0 /opt/devkitPro/devkitARM/lib/gcc/arm-eabi/4.3.3/../../../../arm-eabi/lib/thumb/libg.a(lib_a-memmove.o)
                0x02012e44                memmove
 .text          0x02012ef4       0xb0 /opt/devkitPro/devkitARM/lib/gcc/arm-eabi/4.3.3/../../../../arm-eabi/lib/thumb/libg.a(lib_a-memset.o)
                0x02012ef4                memset
 .text          0x02012fa4      0x4b0 /opt/devkitPro/devkitARM/lib/gcc/arm-eabi/4.3.3/../../../../arm-eabi/lib/thumb/libg.a(lib_a-mktime.o)
                0x020131c0                mktime
 .text          0x02013454      0x518 /opt/devkitPro/devkitARM/lib/gcc/arm-eabi/4.3.3/../../../../arm-eabi/lib/thumb/libg.a(lib_a-mktm_r.o)
                0x02013454                __tzcalc_limits
                0x020135f4                _mktm_r
 .text          0x0201396c        0x8 /opt/devkitPro/devkitARM/lib/gcc/arm-eabi/4.3.3/../../../../arm-eabi/lib/thumb/libg.a(lib_a-mlock.o)
                0x02013970                __malloc_unlock
                0x0201396c                __malloc_lock
 .text          0x02013974       0x1c /opt/devkitPro/devkitARM/lib/gcc/arm-eabi/4.3.3/../../../../arm-eabi/lib/thumb/libg.a(lib_a-realloc.o)
                0x02013974                realloc
 .text          0x02013990      0x340 /opt/devkitPro/devkitARM/lib/gcc/arm-eabi/4.3.3/../../../../arm-eabi/lib/thumb/libg.a(lib_a-reallocr.o)
                0x02013990                _realloc_r
 .text          0x02013cd0      0x128 /opt/devkitPro/devkitARM/lib/gcc/arm-eabi/4.3.3/../../../../arm-eabi/lib/thumb/libg.a(lib_a-refill.o)
                0x02013cd0                __srefill_r
 .text          0x02013df8       0xb8 /opt/devkitPro/devkitARM/lib/gcc/arm-eabi/4.3.3/../../../../arm-eabi/lib/thumb/libg.a(lib_a-stdio.o)
                0x02013e0c                __sseek
                0x02013e80                __sread
                0x02013df8                __sclose
                0x02013e40                __swrite
 .text          0x02013eb0       0xc4 /opt/devkitPro/devkitARM/lib/gcc/arm-eabi/4.3.3/../../../../arm-eabi/lib/thumb/libg.a(lib_a-strchr.o)
                0x02013eb0                strchr
 .text          0x02013f74       0x5c /opt/devkitPro/devkitARM/lib/gcc/arm-eabi/4.3.3/../../../../arm-eabi/lib/thumb/libg.a(lib_a-strcmp.o)
                0x02013f74                strcmp
 .text          0x02013fd0       0x48 /opt/devkitPro/devkitARM/lib/gcc/arm-eabi/4.3.3/../../../../arm-eabi/lib/thumb/libg.a(lib_a-strcpy.o)
                0x02013fd0                strcpy
 .text          0x02014018       0x60 /opt/devkitPro/devkitARM/lib/gcc/arm-eabi/4.3.3/../../../../arm-eabi/lib/thumb/libg.a(lib_a-strlen.o)
                0x02014018                strlen
 .text          0x02014078       0x94 /opt/devkitPro/devkitARM/lib/gcc/arm-eabi/4.3.3/../../../../arm-eabi/lib/thumb/libg.a(lib_a-strncasecmp.o)
                0x02014078                strncasecmp
 .text          0x0201410c       0x9c /opt/devkitPro/devkitARM/lib/gcc/arm-eabi/4.3.3/../../../../arm-eabi/lib/thumb/libg.a(lib_a-strncmp.o)
                0x0201410c                strncmp
 .text          0x020141a8       0x74 /opt/devkitPro/devkitARM/lib/gcc/arm-eabi/4.3.3/../../../../arm-eabi/lib/thumb/libg.a(lib_a-strncpy.o)
                0x020141a8                strncpy
 .text          0x0201421c       0x2c /opt/devkitPro/devkitARM/lib/gcc/arm-eabi/4.3.3/../../../../arm-eabi/lib/thumb/libg.a(lib_a-strnlen.o)
                0x0201421c                strnlen
 .text          0x02014248       0x48 /opt/devkitPro/devkitARM/lib/gcc/arm-eabi/4.3.3/../../../../arm-eabi/lib/thumb/libg.a(lib_a-strpbrk.o)
                0x02014248                strpbrk
 .text          0x02014290       0x34 /opt/devkitPro/devkitARM/lib/gcc/arm-eabi/4.3.3/../../../../arm-eabi/lib/thumb/libg.a(lib_a-strrchr.o)
                0x02014290                strrchr
 .text          0x020142c4       0x18 /opt/devkitPro/devkitARM/lib/gcc/arm-eabi/4.3.3/../../../../arm-eabi/lib/thumb/libg.a(lib_a-sysclose.o)
                0x020142c4                close
 .text          0x020142dc       0x24 /opt/devkitPro/devkitARM/lib/gcc/arm-eabi/4.3.3/../../../../arm-eabi/lib/thumb/libg.a(lib_a-syslseek.o)
                0x020142dc                lseek
 .text          0x02014300       0x1c /opt/devkitPro/devkitARM/lib/gcc/arm-eabi/4.3.3/../../../../arm-eabi/lib/thumb/libg.a(lib_a-sysopen.o)
                0x02014300                open
 .text          0x0201431c       0x24 /opt/devkitPro/devkitARM/lib/gcc/arm-eabi/4.3.3/../../../../arm-eabi/lib/thumb/libg.a(lib_a-sysread.o)
                0x0201431c                read
 .text          0x02014340       0x34 /opt/devkitPro/devkitARM/lib/gcc/arm-eabi/4.3.3/../../../../arm-eabi/lib/thumb/libg.a(lib_a-time.o)
                0x02014340                time
 .text          0x02014374      0x4dc /opt/devkitPro/devkitARM/lib/gcc/arm-eabi/4.3.3/../../../../arm-eabi/lib/thumb/libg.a(lib_a-towlower.o)
                0x02014374                towlower
 .text          0x02014850      0x5d8 /opt/devkitPro/devkitARM/lib/gcc/arm-eabi/4.3.3/../../../../arm-eabi/lib/thumb/libg.a(lib_a-towupper.o)
                0x02014850                towupper
 .text          0x02014e28        0x8 /opt/devkitPro/devkitARM/lib/gcc/arm-eabi/4.3.3/../../../../arm-eabi/lib/thumb/libg.a(lib_a-tzlock.o)
                0x02014e2c                __tz_unlock
                0x02014e28                __tz_lock
 .text          0x02014e30        0x0 /opt/devkitPro/devkitARM/lib/gcc/arm-eabi/4.3.3/../../../../arm-eabi/lib/thumb/libg.a(lib_a-tzvars.o)
 .text          0x02014e30     0x16f8 /opt/devkitPro/devkitARM/lib/gcc/arm-eabi/4.3.3/../../../../arm-eabi/lib/thumb/libg.a(lib_a-vfprintf.o)
                0x02014e50                _vfprintf_r
                0x02016504                vfprintf
 .text          0x02016528      0xcd0 /opt/devkitPro/devkitARM/lib/gcc/arm-eabi/4.3.3/../../../../arm-eabi/lib/thumb/libg.a(lib_a-vfscanf.o)
                0x0201716c                __svfscanf
                0x02017190                _vfscanf_r
                0x020171c0                vfscanf
                0x02016528                __svfscanf_r
 .text          0x020171f8       0x68 /opt/devkitPro/devkitARM/lib/gcc/arm-eabi/4.3.3/../../../../arm-eabi/lib/thumb/libg.a(lib_a-wcrtomb.o)
                0x020171f8                _wcrtomb_r
                0x0201723c                wcrtomb
 .text          0x02017260      0x108 /opt/devkitPro/devkitARM/lib/gcc/arm-eabi/4.3.3/../../../../arm-eabi/lib/thumb/libg.a(lib_a-wcsrtombs.o)
                0x02017260                _wcsrtombs_r
                0x02017340                wcsrtombs
 .text          0x02017368       0x40 /opt/devkitPro/devkitARM/lib/gcc/arm-eabi/4.3.3/../../../../arm-eabi/lib/thumb/libg.a(lib_a-wctob.o)
                0x02017368                wctob
 .text          0x020173a8      0x2c8 /opt/devkitPro/devkitARM/lib/gcc/arm-eabi/4.3.3/../../../../arm-eabi/lib/thumb/libg.a(lib_a-wctomb_r.o)
                0x020173a8                _wctomb_r
 .text          0x02017670       0xc8 /opt/devkitPro/devkitARM/lib/gcc/arm-eabi/4.3.3/../../../../arm-eabi/lib/thumb/libg.a(lib_a-wsetup.o)
                0x02017670                __swsetup_r
 .text          0x02017738        0x0 /opt/devkitPro/devkitARM/lib/gcc/arm-eabi/4.3.3/../../../../arm-eabi/lib/thumb/libg.a(lib_a-ctype_.o)
 .text          0x02017738       0x44 /opt/devkitPro/devkitARM/lib/gcc/arm-eabi/4.3.3/../../../../arm-eabi/lib/thumb/libg.a(lib_a-div.o)
                0x02017738                div
 *fill*         0x0201777c        0x4 ff
 .text          0x02017780      0xf70 /opt/devkitPro/devkitARM/lib/gcc/arm-eabi/4.3.3/../../../../arm-eabi/lib/thumb/libg.a(lib_a-dtoa.o)
                0x020178ec                _dtoa_r
 .text          0x020186f0       0x7c /opt/devkitPro/devkitARM/lib/gcc/arm-eabi/4.3.3/../../../../arm-eabi/lib/thumb/libg.a(lib_a-flags.o)
                0x020186f0                __sflags
 .text          0x0201876c      0x318 /opt/devkitPro/devkitARM/lib/gcc/arm-eabi/4.3.3/../../../../arm-eabi/lib/thumb/libg.a(lib_a-fvwrite.o)
                0x0201876c                __sfvwrite_r
 .text          0x02018a84        0x8 /opt/devkitPro/devkitARM/lib/gcc/arm-eabi/4.3.3/../../../../arm-eabi/lib/thumb/libg.a(lib_a-gettzinfo.o)
                0x02018a84                __gettzinfo
 .text          0x02018a8c       0xec /opt/devkitPro/devkitARM/lib/gcc/arm-eabi/4.3.3/../../../../arm-eabi/lib/thumb/libg.a(lib_a-iswspace.o)
                0x02018a8c                iswspace
 .text          0x02018b78      0x178 /opt/devkitPro/devkitARM/lib/gcc/arm-eabi/4.3.3/../../../../arm-eabi/lib/thumb/libg.a(lib_a-jp2uc.o)
                0x02018b78                __jp2uc
 .text          0x02018cf0       0x8c /opt/devkitPro/devkitARM/lib/gcc/arm-eabi/4.3.3/../../../../arm-eabi/lib/thumb/libg.a(lib_a-memchr.o)
                0x02018cf0                memchr
 *fill*         0x02018d7c        0x4 ff
 .text          0x02018d80      0x9e8 /opt/devkitPro/devkitARM/lib/gcc/arm-eabi/4.3.3/../../../../arm-eabi/lib/thumb/libg.a(lib_a-mprec.o)
                0x02018ff8                _mprec_log10
                0x02019088                __any_on
                0x020190e4                _Balloc
                0x02018fa4                __ratio
                0x02019550                __i2b
                0x02018ee8                __b2d
                0x020196c8                __s2b
                0x02018e58                __mcmp
                0x02018d9c                __hi0bits
                0x02019610                __pow5mult
                0x02019330                __lshift
                0x020193f0                __multiply
                0x02019138                __d2b
                0x0201903c                __copybits
                0x02018e9c                __ulp
                0x0201920c                __mdiff
                0x02018df0                __lo0bits
                0x02019568                __multadd
                0x02018d80                _Bfree
 .text          0x02019768       0x24 /opt/devkitPro/devkitARM/lib/gcc/arm-eabi/4.3.3/../../../../arm-eabi/lib/thumb/libg.a(lib_a-s_isinfd.o)
                0x02019768                __isinfd
 .text          0x0201978c       0x1c /opt/devkitPro/devkitARM/lib/gcc/arm-eabi/4.3.3/../../../../arm-eabi/lib/thumb/libg.a(lib_a-s_isnand.o)
                0x0201978c                __isnand
 .text          0x020197a8       0x78 /opt/devkitPro/devkitARM/lib/gcc/arm-eabi/4.3.3/../../../../arm-eabi/lib/thumb/libg.a(lib_a-sccl.o)
                0x020197a8                __sccl
 .text          0x02019820        0x8 /opt/devkitPro/devkitARM/lib/gcc/arm-eabi/4.3.3/../../../../arm-eabi/lib/thumb/libg.a(lib_a-sf_nan.o)
                0x02019820                nanf
 .text          0x02019828       0x84 /opt/devkitPro/devkitARM/lib/gcc/arm-eabi/4.3.3/../../../../arm-eabi/lib/thumb/libg.a(lib_a-sprintf.o)
                0x0201986c                _sprintf_r
                0x02019828                sprintf
 *fill*         0x020198ac        0x4 ff
 .text          0x020198b0      0xf10 /opt/devkitPro/devkitARM/lib/gcc/arm-eabi/4.3.3/../../../../arm-eabi/lib/thumb/libg.a(lib_a-strtod.o)
                0x020198b0                _strtod_r
                0x0201a7a4                strtod
                0x0201a768                strtof
 .text          0x0201a7c0      0x18c /opt/devkitPro/devkitARM/lib/gcc/arm-eabi/4.3.3/../../../../arm-eabi/lib/thumb/libg.a(lib_a-strtol.o)
                0x0201a928                strtol
                0x0201a7c0                _strtol_r
 .text          0x0201a94c      0x190 /opt/devkitPro/devkitARM/lib/gcc/arm-eabi/4.3.3/../../../../arm-eabi/lib/thumb/libg.a(lib_a-strtoul.o)
                0x0201aab8                strtoul
                0x0201a94c                _strtoul_r
 *fill*         0x0201aadc        0x4 ff
 .text          0x0201aae0     0x15e0 /opt/devkitPro/devkitARM/lib/gcc/arm-eabi/4.3.3/../../../../arm-eabi/lib/thumb/libg.a(lib_a-svfprintf.o)
                0x0201ac0c                _svfprintf_r
 .text          0x0201c0c0      0x1a0 /opt/devkitPro/devkitARM/lib/gcc/arm-eabi/4.3.3/../../../../arm-eabi/lib/thumb/libg.a(lib_a-ungetc.o)
                0x0201c244                ungetc
                0x0201c0c0                __submore
                0x0201c13c                _ungetc_r
 .text          0x0201c260       0x5c /opt/devkitPro/devkitARM/lib/gcc/arm-eabi/4.3.3/../../../../arm-eabi/lib/thumb/libg.a(lib_a-callocr.o)
                0x0201c260                _calloc_r
 .text          0x0201c2bc      0x5e8 /opt/devkitPro/devkitARM/lib/gcc/arm-eabi/4.3.3/../../../../arm-eabi/lib/thumb/libg.a(lib_a-gdtoa-gethex.o)
                0x0201c2bc                __hexdig_init
                0x0201c3cc                __gethex
 .text          0x0201c8a4      0x1a4 /opt/devkitPro/devkitARM/lib/gcc/arm-eabi/4.3.3/../../../../arm-eabi/lib/thumb/libg.a(lib_a-gdtoa-hexnan.o)
                0x0201c8a4                __hexnan
 .text          0x0201ca48      0x134 /opt/devkitPro/devkitARM/lib/gcc/arm-eabi/4.3.3/../../../../arm-eabi/lib/thumb/libsysbase.a(iosupport.o)
                0x0201cb58                RemoveDevice
                0x0201ca48                setDefaultDevice
                0x0201ca5c                AddDevice
                0x0201cb38                GetDeviceOpTab
                0x0201cad4                FindDevice
 .text          0x0201cb7c       0x54 /opt/devkitPro/devkitARM/lib/gcc/arm-eabi/4.3.3/../../../../arm-eabi/lib/thumb/libsysbase.a(close.o)
                0x0201cb7c                _close_r
 .text          0x0201cbd0       0x5c /opt/devkitPro/devkitARM/lib/gcc/arm-eabi/4.3.3/../../../../arm-eabi/lib/thumb/libsysbase.a(fstat.o)
                0x0201cbd0                _fstat_r
 .text          0x0201cc2c        0x4 /opt/devkitPro/devkitARM/lib/gcc/arm-eabi/4.3.3/../../../../arm-eabi/lib/thumb/libsysbase.a(isatty.o)
                0x0201cc2c                _isatty_r
 .text          0x0201cc30       0x54 /opt/devkitPro/devkitARM/lib/gcc/arm-eabi/4.3.3/../../../../arm-eabi/lib/thumb/libsysbase.a(lseek.o)
                0x0201cc30                _lseek_r
 .text          0x0201cc84       0x9c /opt/devkitPro/devkitARM/lib/gcc/arm-eabi/4.3.3/../../../../arm-eabi/lib/thumb/libsysbase.a(open.o)
                0x0201cc84                _open_r
 .text          0x0201cd20       0x54 /opt/devkitPro/devkitARM/lib/gcc/arm-eabi/4.3.3/../../../../arm-eabi/lib/thumb/libsysbase.a(read.o)
                0x0201cd20                _read_r
 .text          0x0201cd74       0x54 /opt/devkitPro/devkitARM/lib/gcc/arm-eabi/4.3.3/../../../../arm-eabi/lib/thumb/libsysbase.a(sbrk.o)
                0x0201cd74                _sbrk_r
 .text          0x0201cdc8       0x4c /opt/devkitPro/devkitARM/lib/gcc/arm-eabi/4.3.3/../../../../arm-eabi/lib/thumb/libsysbase.a(times.o)
                0x0201cdd0                _gettimeofday_r
                0x0201cdc8                _times_r
                0x0201cdfc                _times
 .text          0x0201ce14       0x54 /opt/devkitPro/devkitARM/lib/gcc/arm-eabi/4.3.3/../../../../arm-eabi/lib/thumb/libsysbase.a(write.o)
                0x0201ce14                _write_r
 .text          0x0201ce68        0x0 /opt/devkitPro/devkitARM/lib/gcc/arm-eabi/4.3.3/../../../../arm-eabi/lib/thumb/libsysbase.a(malloc_vars.o)
 .text          0x0201ce68      0x25c /opt/devkitPro/devkitARM/lib/gcc/arm-eabi/4.3.3/../../../../arm-eabi/lib/thumb/libsysbase.a(chdir.o)
                0x0201cfd4                chdir
                0x0201ce68                getcwd
                0x0201ceb8                _concatenate_path
 .text          0x0201d0c4       0x54 /opt/devkitPro/devkitARM/lib/gcc/arm-eabi/4.3.3/../../../../arm-eabi/lib/thumb/libsysbase.a(build_argv.o)
                0x0201d0c4                build_argv
 .text          0x0201d118       0x90 /opt/devkitPro/devkitARM/lib/gcc/arm-eabi/4.3.3/../../../../arm-eabi/lib/thumb/libsysbase.a(handle_manager.o)
                0x0201d178                __release_handle
                0x0201d138                __alloc_handle
                0x0201d118                __get_handle
 .text          0x0201d1a8      0x41c /opt/devkitPro/devkitARM/lib/gcc/arm-eabi/4.3.3/thumb/libgcc.a(_addsubdf3.o)
                0x0201d564                __floatdidf
                0x0201d4e8                __floatsidf
                0x0201d4c4                __aeabi_ui2d
                0x0201d1a8                __aeabi_drsub
                0x0201d510                __extendsfdf2
                0x0201d1b4                __adddf3
                0x0201d4c4                __floatunsidf
                0x0201d1b4                __aeabi_dadd
                0x0201d550                __aeabi_ul2d
                0x0201d1b0                __aeabi_dsub
                0x0201d550                __floatundidf
                0x0201d4e8                __aeabi_i2d
                0x0201d564                __aeabi_l2d
                0x0201d510                __aeabi_f2d
                0x0201d1b0                __subdf3
 .text          0x0201d5c4      0x49c /opt/devkitPro/devkitARM/lib/gcc/arm-eabi/4.3.3/thumb/libgcc.a(_muldivdf3.o)
                0x0201d854                __aeabi_ddiv
                0x0201d5c4                __aeabi_dmul
                0x0201d854                __divdf3
                0x0201d5c4                __muldf3
 .text          0x0201da60      0x140 /opt/devkitPro/devkitARM/lib/gcc/arm-eabi/4.3.3/thumb/libgcc.a(_cmpdf2.o)
                0x0201db58                __aeabi_dcmple
                0x0201da70                __cmpdf2
                0x0201da70                __eqdf2
                0x0201da60                __gtdf2
                0x0201db10                __aeabi_cdcmple
                0x0201daf4                __aeabi_cdrcmple
                0x0201da68                __ltdf2
                0x0201db40                __aeabi_dcmplt
                0x0201da68                __ledf2
                0x0201db88                __aeabi_dcmpgt
                0x0201db70                __aeabi_dcmpge
                0x0201da70                __nedf2
                0x0201db28                __aeabi_dcmpeq
                0x0201db10                __aeabi_cdcmpeq
                0x0201da60                __gedf2
 .text          0x0201dba0       0x5c /opt/devkitPro/devkitARM/lib/gcc/arm-eabi/4.3.3/thumb/libgcc.a(_fixdfsi.o)
                0x0201dba0                __fixdfsi
                0x0201dba0                __aeabi_d2iz
 .text          0x0201dbfc       0x54 /opt/devkitPro/devkitARM/lib/gcc/arm-eabi/4.3.3/thumb/libgcc.a(_fixunsdfsi.o)
                0x0201dbfc                __fixunsdfsi
                0x0201dbfc                __aeabi_d2uiz
 .text          0x0201dc50       0xa0 /opt/devkitPro/devkitARM/lib/gcc/arm-eabi/4.3.3/thumb/libgcc.a(_truncdfsf2.o)
                0x0201dc50                __aeabi_d2f
                0x0201dc50                __truncdfsf2
 .text          0x0201dcf0        0xc /opt/devkitPro/devkitARM/lib/gcc/arm-eabi/4.3.3/../../../../arm-eabi/lib/thumb/libg.a(lib_a-errno.o)
                0x0201dcf0                __errno
 .text          0x0201dcfc        0x0 /opt/devkitPro/devkitARM/lib/gcc/arm-eabi/4.3.3/thumb/crtend.o
 .text          0x0201dcfc        0x0 /opt/devkitPro/devkitARM/lib/gcc/arm-eabi/4.3.3/thumb/crtn.o
 *(.text.*)
 *(.stub)
 *(.gnu.warning)
 *(.gnu.linkonce.t*)
 *(.glue_7)
 .glue_7        0x0201dcfc        0x0 /opt/devkitPro/devkitARM/lib/gcc/arm-eabi/4.3.3/../../../../arm-eabi/lib/thumb/ds_arm9_crt0.o
 .glue_7        0x0201dcfc        0x0 /opt/devkitPro/devkitARM/lib/gcc/arm-eabi/4.3.3/thumb/crti.o
 .glue_7        0x0201dcfc        0x0 /opt/devkitPro/devkitARM/lib/gcc/arm-eabi/4.3.3/thumb/crtbegin.o
 .glue_7        0x0201dcfc        0x0 soundbank.bin.o
 .glue_7        0x0201dcfc        0x0 background_room1_main.o
 .glue_7        0x0201dcfc        0x0 background_room1.o
 .glue_7        0x0201dcfc        0x0 digits.o
 .glue_7        0x0201dcfc        0x0 keyboard.o
 .glue_7        0x0201dcfc        0x0 locker.o
 .glue_7        0x0201dcfc        0x0 mergedsub_room1.o
 .glue_7        0x0201dcfc        0x0 morse.o
 .glue_7        0x0201dcfc        0x0 start_main.o
 .glue_7        0x0201dcfc        0x0 start_sub.o
 .glue_7        0x0201dcfc        0x0 zone.o
 .glue_7        0x0201dcfc        0x0 Game.o
 .glue_7        0x0201dcfc        0x0 Game_menu.o
 .glue_7        0x0201dcfc        0x0 Game_room1.o
 .glue_7        0x0201dcfc        0x0 Graphics.o
 .glue_7        0x0201dcfc        0x0 irq_management.o
 .glue_7        0x0201dcfc        0x0 main.o
 .glue_7        0x0201dcfc        0x0 object_room1.o
 .glue_7        0x0201dcfc        0x0 /opt/devkitPro/libnds/lib/libfat.a(libfat.o)
 .glue_7        0x0201dcfc        0x0 /opt/devkitPro/libnds/lib/libfat.a(partition.o)
 .glue_7        0x0201dcfc        0x0 /opt/devkitPro/libnds/lib/libfat.a(cache.o)
 .glue_7        0x0201dcfc        0x0 /opt/devkitPro/libnds/lib/libfat.a(disc.o)
 .glue_7        0x0201dcfc        0x0 /opt/devkitPro/libnds/lib/libfat.a(fatdir.o)
 .glue_7        0x0201dcfc        0x0 /opt/devkitPro/libnds/lib/libfat.a(fatfile.o)
 .glue_7        0x0201dcfc        0x0 /opt/devkitPro/libnds/lib/libfat.a(file_allocation_table.o)
 .glue_7        0x0201dcfc        0x0 /opt/devkitPro/libnds/lib/libfat.a(filetime.o)
 .glue_7        0x0201dcfc        0x0 /opt/devkitPro/libnds/lib/libfat.a(directory.o)
 .glue_7        0x0201dcfc        0x0 /opt/devkitPro/libnds/lib/libnds9.a(initSystem.o)
 .glue_7        0x0201dcfc        0x0 /opt/devkitPro/libnds/lib/libnds9.a(keys.o)
 .glue_7        0x0201dcfc        0x0 /opt/devkitPro/libnds/lib/libnds9.a(sprite.o)
 .glue_7        0x0201dcfc        0x0 /opt/devkitPro/libnds/lib/libnds9.a(sprite_alloc.o)
 .glue_7        0x0201dcfc        0x0 /opt/devkitPro/libnds/lib/libnds9.a(system.o)
 .glue_7        0x0201dcfc        0x0 /opt/devkitPro/libnds/lib/libnds9.a(touch.o)
 .glue_7        0x0201dcfc        0x0 /opt/devkitPro/libnds/lib/libnds9.a(trig.o)
 .glue_7        0x0201dcfc        0x0 /opt/devkitPro/libnds/lib/libnds9.a(videoGL.o)
 .glue_7        0x0201dcfc        0x0 /opt/devkitPro/libnds/lib/libnds9.a(dldi.o)
 .glue_7        0x0201dcfc        0x0 /opt/devkitPro/libnds/lib/libnds9.a(fifosystem.o)
 .glue_7        0x0201dcfc        0x0 /opt/devkitPro/libnds/lib/libnds9.a(interrupts.o)
 .glue_7        0x0201dcfc        0x0 /opt/devkitPro/libnds/lib/libnds9.a(dcache.o)
 .glue_7        0x0201dcfc        0x0 /opt/devkitPro/libnds/lib/libnds9.a(dldi_stub.o)
 .glue_7        0x0201dcfc        0x0 /opt/devkitPro/libnds/lib/libnds9.a(biosCalls.o)
 .glue_7        0x0201dcfc        0x0 /opt/devkitPro/libnds/lib/libnds9.a(interruptDispatcher.o)
 .glue_7        0x0201dcfc        0x0 /opt/devkitPro/libnds/lib/libnds9.a(video.o)
 .glue_7        0x0201dcfc        0x0 /opt/devkitPro/libnds/lib/libmm9.a(mm_comms.o)
 .glue_7        0x0201dcfc        0x0 /opt/devkitPro/libnds/lib/libmm9.a(mm_main9.o)
 .glue_7        0x0201dcfc        0x0 /opt/devkitPro/libnds/lib/libmm9.a(mm_memory.o)
 .glue_7        0x0201dcfc        0x0 /opt/devkitPro/libnds/lib/libmm9.a(mm_soundbank.o)
 .glue_7        0x0201dcfc        0x0 /opt/devkitPro/libnds/lib/libmm9.a(mm_flusher.o)
 .glue_7        0x0201dcfc        0x0 /opt/devkitPro/devkitARM/lib/gcc/arm-eabi/4.3.3/thumb/libgcc.a(_udivsi3.o)
 .glue_7        0x0201dcfc        0x0 /opt/devkitPro/devkitARM/lib/gcc/arm-eabi/4.3.3/thumb/libgcc.a(_divsi3.o)
 .glue_7        0x0201dcfc        0x0 /opt/devkitPro/devkitARM/lib/gcc/arm-eabi/4.3.3/thumb/libgcc.a(_dvmd_tls.o)
 .glue_7        0x0201dcfc        0x0 /opt/devkitPro/devkitARM/lib/gcc/arm-eabi/4.3.3/thumb/libgcc.a(_muldi3.o)
 .glue_7        0x0201dcfc        0x0 /opt/devkitPro/devkitARM/lib/gcc/arm-eabi/4.3.3/../../../../arm-eabi/lib/thumb/libg.a(lib_a-bsearch.o)
 .glue_7        0x0201dcfc        0x0 /opt/devkitPro/devkitARM/lib/gcc/arm-eabi/4.3.3/../../../../arm-eabi/lib/thumb/libg.a(lib_a-fclose.o)
 .glue_7        0x0201dcfc        0x0 /opt/devkitPro/devkitARM/lib/gcc/arm-eabi/4.3.3/../../../../arm-eabi/lib/thumb/libg.a(lib_a-fflush.o)
 .glue_7        0x0201dcfc        0x0 /opt/devkitPro/devkitARM/lib/gcc/arm-eabi/4.3.3/../../../../arm-eabi/lib/thumb/libg.a(lib_a-findfp.o)
 .glue_7        0x0201dcfc        0x0 /opt/devkitPro/devkitARM/lib/gcc/arm-eabi/4.3.3/../../../../arm-eabi/lib/thumb/libg.a(lib_a-fopen.o)
 .glue_7        0x0201dcfc        0x0 /opt/devkitPro/devkitARM/lib/gcc/arm-eabi/4.3.3/../../../../arm-eabi/lib/thumb/libg.a(lib_a-fprintf.o)
 .glue_7        0x0201dcfc        0x0 /opt/devkitPro/devkitARM/lib/gcc/arm-eabi/4.3.3/../../../../arm-eabi/lib/thumb/libg.a(lib_a-fread.o)
 .glue_7        0x0201dcfc        0x0 /opt/devkitPro/devkitARM/lib/gcc/arm-eabi/4.3.3/../../../../arm-eabi/lib/thumb/libg.a(lib_a-freer.o)
 .glue_7        0x0201dcfc        0x0 /opt/devkitPro/devkitARM/lib/gcc/arm-eabi/4.3.3/../../../../arm-eabi/lib/thumb/libg.a(lib_a-fscanf.o)
 .glue_7        0x0201dcfc        0x0 /opt/devkitPro/devkitARM/lib/gcc/arm-eabi/4.3.3/../../../../arm-eabi/lib/thumb/libg.a(lib_a-fseek.o)
 .glue_7        0x0201dcfc        0x0 /opt/devkitPro/devkitARM/lib/gcc/arm-eabi/4.3.3/../../../../arm-eabi/lib/thumb/libg.a(lib_a-fwalk.o)
 .glue_7        0x0201dcfc        0x0 /opt/devkitPro/devkitARM/lib/gcc/arm-eabi/4.3.3/../../../../arm-eabi/lib/thumb/libg.a(lib_a-impure.o)
 .glue_7        0x0201dcfc        0x0 /opt/devkitPro/devkitARM/lib/gcc/arm-eabi/4.3.3/../../../../arm-eabi/lib/thumb/libg.a(lib_a-init.o)
 .glue_7        0x0201dcfc        0x0 /opt/devkitPro/devkitARM/lib/gcc/arm-eabi/4.3.3/../../../../arm-eabi/lib/thumb/libg.a(lib_a-lcltime_r.o)
 .glue_7        0x0201dcfc        0x0 /opt/devkitPro/devkitARM/lib/gcc/arm-eabi/4.3.3/../../../../arm-eabi/lib/thumb/libg.a(lib_a-locale.o)
 .glue_7        0x0201dcfc        0x0 /opt/devkitPro/devkitARM/lib/gcc/arm-eabi/4.3.3/../../../../arm-eabi/lib/thumb/libg.a(lib_a-makebuf.o)
 .glue_7        0x0201dcfc        0x0 /opt/devkitPro/devkitARM/lib/gcc/arm-eabi/4.3.3/../../../../arm-eabi/lib/thumb/libg.a(lib_a-malloc.o)
 .glue_7        0x0201dcfc        0x0 /opt/devkitPro/devkitARM/lib/gcc/arm-eabi/4.3.3/../../../../arm-eabi/lib/thumb/libg.a(lib_a-mallocr.o)
 .glue_7        0x0201dcfc        0x0 /opt/devkitPro/devkitARM/lib/gcc/arm-eabi/4.3.3/../../../../arm-eabi/lib/thumb/libg.a(lib_a-mbrtowc.o)
 .glue_7        0x0201dcfc        0x0 /opt/devkitPro/devkitARM/lib/gcc/arm-eabi/4.3.3/../../../../arm-eabi/lib/thumb/libg.a(lib_a-mbsrtowcs.o)
 .glue_7        0x0201dcfc        0x0 /opt/devkitPro/devkitARM/lib/gcc/arm-eabi/4.3.3/../../../../arm-eabi/lib/thumb/libg.a(lib_a-mbtowc_r.o)
 .glue_7        0x0201dcfc        0x0 /opt/devkitPro/devkitARM/lib/gcc/arm-eabi/4.3.3/../../../../arm-eabi/lib/thumb/libg.a(lib_a-memcmp.o)
 .glue_7        0x0201dcfc        0x0 /opt/devkitPro/devkitARM/lib/gcc/arm-eabi/4.3.3/../../../../arm-eabi/lib/thumb/libg.a(lib_a-memcpy.o)
 .glue_7        0x0201dcfc        0x0 /opt/devkitPro/devkitARM/lib/gcc/arm-eabi/4.3.3/../../../../arm-eabi/lib/thumb/libg.a(lib_a-memmove.o)
 .glue_7        0x0201dcfc        0x0 /opt/devkitPro/devkitARM/lib/gcc/arm-eabi/4.3.3/../../../../arm-eabi/lib/thumb/libg.a(lib_a-memset.o)
 .glue_7        0x0201dcfc        0x0 /opt/devkitPro/devkitARM/lib/gcc/arm-eabi/4.3.3/../../../../arm-eabi/lib/thumb/libg.a(lib_a-mktime.o)
 .glue_7        0x0201dcfc        0x0 /opt/devkitPro/devkitARM/lib/gcc/arm-eabi/4.3.3/../../../../arm-eabi/lib/thumb/libg.a(lib_a-mktm_r.o)
 .glue_7        0x0201dcfc        0x0 /opt/devkitPro/devkitARM/lib/gcc/arm-eabi/4.3.3/../../../../arm-eabi/lib/thumb/libg.a(lib_a-mlock.o)
 .glue_7        0x0201dcfc        0x0 /opt/devkitPro/devkitARM/lib/gcc/arm-eabi/4.3.3/../../../../arm-eabi/lib/thumb/libg.a(lib_a-realloc.o)
 .glue_7        0x0201dcfc        0x0 /opt/devkitPro/devkitARM/lib/gcc/arm-eabi/4.3.3/../../../../arm-eabi/lib/thumb/libg.a(lib_a-reallocr.o)
 .glue_7        0x0201dcfc        0x0 /opt/devkitPro/devkitARM/lib/gcc/arm-eabi/4.3.3/../../../../arm-eabi/lib/thumb/libg.a(lib_a-refill.o)
 .glue_7        0x0201dcfc        0x0 /opt/devkitPro/devkitARM/lib/gcc/arm-eabi/4.3.3/../../../../arm-eabi/lib/thumb/libg.a(lib_a-stdio.o)
 .glue_7        0x0201dcfc        0x0 /opt/devkitPro/devkitARM/lib/gcc/arm-eabi/4.3.3/../../../../arm-eabi/lib/thumb/libg.a(lib_a-strchr.o)
 .glue_7        0x0201dcfc        0x0 /opt/devkitPro/devkitARM/lib/gcc/arm-eabi/4.3.3/../../../../arm-eabi/lib/thumb/libg.a(lib_a-strcmp.o)
 .glue_7        0x0201dcfc        0x0 /opt/devkitPro/devkitARM/lib/gcc/arm-eabi/4.3.3/../../../../arm-eabi/lib/thumb/libg.a(lib_a-strcpy.o)
 .glue_7        0x0201dcfc        0x0 /opt/devkitPro/devkitARM/lib/gcc/arm-eabi/4.3.3/../../../../arm-eabi/lib/thumb/libg.a(lib_a-strlen.o)
 .glue_7        0x0201dcfc        0x0 /opt/devkitPro/devkitARM/lib/gcc/arm-eabi/4.3.3/../../../../arm-eabi/lib/thumb/libg.a(lib_a-strncasecmp.o)
 .glue_7        0x0201dcfc        0x0 /opt/devkitPro/devkitARM/lib/gcc/arm-eabi/4.3.3/../../../../arm-eabi/lib/thumb/libg.a(lib_a-strncmp.o)
 .glue_7        0x0201dcfc        0x0 /opt/devkitPro/devkitARM/lib/gcc/arm-eabi/4.3.3/../../../../arm-eabi/lib/thumb/libg.a(lib_a-strncpy.o)
 .glue_7        0x0201dcfc        0x0 /opt/devkitPro/devkitARM/lib/gcc/arm-eabi/4.3.3/../../../../arm-eabi/lib/thumb/libg.a(lib_a-strnlen.o)
 .glue_7        0x0201dcfc        0x0 /opt/devkitPro/devkitARM/lib/gcc/arm-eabi/4.3.3/../../../../arm-eabi/lib/thumb/libg.a(lib_a-strpbrk.o)
 .glue_7        0x0201dcfc        0x0 /opt/devkitPro/devkitARM/lib/gcc/arm-eabi/4.3.3/../../../../arm-eabi/lib/thumb/libg.a(lib_a-strrchr.o)
 .glue_7        0x0201dcfc        0x0 /opt/devkitPro/devkitARM/lib/gcc/arm-eabi/4.3.3/../../../../arm-eabi/lib/thumb/libg.a(lib_a-sysclose.o)
 .glue_7        0x0201dcfc        0x0 /opt/devkitPro/devkitARM/lib/gcc/arm-eabi/4.3.3/../../../../arm-eabi/lib/thumb/libg.a(lib_a-syslseek.o)
 .glue_7        0x0201dcfc        0x0 /opt/devkitPro/devkitARM/lib/gcc/arm-eabi/4.3.3/../../../../arm-eabi/lib/thumb/libg.a(lib_a-sysopen.o)
 .glue_7        0x0201dcfc        0x0 /opt/devkitPro/devkitARM/lib/gcc/arm-eabi/4.3.3/../../../../arm-eabi/lib/thumb/libg.a(lib_a-sysread.o)
 .glue_7        0x0201dcfc        0x0 /opt/devkitPro/devkitARM/lib/gcc/arm-eabi/4.3.3/../../../../arm-eabi/lib/thumb/libg.a(lib_a-time.o)
 .glue_7        0x0201dcfc        0x0 /opt/devkitPro/devkitARM/lib/gcc/arm-eabi/4.3.3/../../../../arm-eabi/lib/thumb/libg.a(lib_a-towlower.o)
 .glue_7        0x0201dcfc        0x0 /opt/devkitPro/devkitARM/lib/gcc/arm-eabi/4.3.3/../../../../arm-eabi/lib/thumb/libg.a(lib_a-towupper.o)
 .glue_7        0x0201dcfc        0x0 /opt/devkitPro/devkitARM/lib/gcc/arm-eabi/4.3.3/../../../../arm-eabi/lib/thumb/libg.a(lib_a-tzlock.o)
 .glue_7        0x0201dcfc        0x0 /opt/devkitPro/devkitARM/lib/gcc/arm-eabi/4.3.3/../../../../arm-eabi/lib/thumb/libg.a(lib_a-tzvars.o)
 .glue_7        0x0201dcfc        0x0 /opt/devkitPro/devkitARM/lib/gcc/arm-eabi/4.3.3/../../../../arm-eabi/lib/thumb/libg.a(lib_a-vfprintf.o)
 .glue_7        0x0201dcfc        0x0 /opt/devkitPro/devkitARM/lib/gcc/arm-eabi/4.3.3/../../../../arm-eabi/lib/thumb/libg.a(lib_a-vfscanf.o)
 .glue_7        0x0201dcfc        0x0 /opt/devkitPro/devkitARM/lib/gcc/arm-eabi/4.3.3/../../../../arm-eabi/lib/thumb/libg.a(lib_a-wcrtomb.o)
 .glue_7        0x0201dcfc        0x0 /opt/devkitPro/devkitARM/lib/gcc/arm-eabi/4.3.3/../../../../arm-eabi/lib/thumb/libg.a(lib_a-wcsrtombs.o)
 .glue_7        0x0201dcfc        0x0 /opt/devkitPro/devkitARM/lib/gcc/arm-eabi/4.3.3/../../../../arm-eabi/lib/thumb/libg.a(lib_a-wctob.o)
 .glue_7        0x0201dcfc        0x0 /opt/devkitPro/devkitARM/lib/gcc/arm-eabi/4.3.3/../../../../arm-eabi/lib/thumb/libg.a(lib_a-wctomb_r.o)
 .glue_7        0x0201dcfc        0x0 /opt/devkitPro/devkitARM/lib/gcc/arm-eabi/4.3.3/../../../../arm-eabi/lib/thumb/libg.a(lib_a-wsetup.o)
 .glue_7        0x0201dcfc        0x0 /opt/devkitPro/devkitARM/lib/gcc/arm-eabi/4.3.3/../../../../arm-eabi/lib/thumb/libg.a(lib_a-ctype_.o)
 .glue_7        0x0201dcfc        0x0 /opt/devkitPro/devkitARM/lib/gcc/arm-eabi/4.3.3/../../../../arm-eabi/lib/thumb/libg.a(lib_a-div.o)
 .glue_7        0x0201dcfc        0x0 /opt/devkitPro/devkitARM/lib/gcc/arm-eabi/4.3.3/../../../../arm-eabi/lib/thumb/libg.a(lib_a-dtoa.o)
 .glue_7        0x0201dcfc        0x0 /opt/devkitPro/devkitARM/lib/gcc/arm-eabi/4.3.3/../../../../arm-eabi/lib/thumb/libg.a(lib_a-flags.o)
 .glue_7        0x0201dcfc        0x0 /opt/devkitPro/devkitARM/lib/gcc/arm-eabi/4.3.3/../../../../arm-eabi/lib/thumb/libg.a(lib_a-fvwrite.o)
 .glue_7        0x0201dcfc        0x0 /opt/devkitPro/devkitARM/lib/gcc/arm-eabi/4.3.3/../../../../arm-eabi/lib/thumb/libg.a(lib_a-gettzinfo.o)
 .glue_7        0x0201dcfc        0x0 /opt/devkitPro/devkitARM/lib/gcc/arm-eabi/4.3.3/../../../../arm-eabi/lib/thumb/libg.a(lib_a-iswspace.o)
 .glue_7        0x0201dcfc        0x0 /opt/devkitPro/devkitARM/lib/gcc/arm-eabi/4.3.3/../../../../arm-eabi/lib/thumb/libg.a(lib_a-jp2uc.o)
 .glue_7        0x0201dcfc        0x0 /opt/devkitPro/devkitARM/lib/gcc/arm-eabi/4.3.3/../../../../arm-eabi/lib/thumb/libg.a(lib_a-memchr.o)
 .glue_7        0x0201dcfc        0x0 /opt/devkitPro/devkitARM/lib/gcc/arm-eabi/4.3.3/../../../../arm-eabi/lib/thumb/libg.a(lib_a-mprec.o)
 .glue_7        0x0201dcfc        0x0 /opt/devkitPro/devkitARM/lib/gcc/arm-eabi/4.3.3/../../../../arm-eabi/lib/thumb/libg.a(lib_a-s_isinfd.o)
 .glue_7        0x0201dcfc        0x0 /opt/devkitPro/devkitARM/lib/gcc/arm-eabi/4.3.3/../../../../arm-eabi/lib/thumb/libg.a(lib_a-s_isnand.o)
 .glue_7        0x0201dcfc        0x0 /opt/devkitPro/devkitARM/lib/gcc/arm-eabi/4.3.3/../../../../arm-eabi/lib/thumb/libg.a(lib_a-sccl.o)
 .glue_7        0x0201dcfc        0x0 /opt/devkitPro/devkitARM/lib/gcc/arm-eabi/4.3.3/../../../../arm-eabi/lib/thumb/libg.a(lib_a-sf_nan.o)
 .glue_7        0x0201dcfc        0x0 /opt/devkitPro/devkitARM/lib/gcc/arm-eabi/4.3.3/../../../../arm-eabi/lib/thumb/libg.a(lib_a-sprintf.o)
 .glue_7        0x0201dcfc        0x0 /opt/devkitPro/devkitARM/lib/gcc/arm-eabi/4.3.3/../../../../arm-eabi/lib/thumb/libg.a(lib_a-strtod.o)
 .glue_7        0x0201dcfc        0x0 /opt/devkitPro/devkitARM/lib/gcc/arm-eabi/4.3.3/../../../../arm-eabi/lib/thumb/libg.a(lib_a-strtol.o)
 .glue_7        0x0201dcfc        0x0 /opt/devkitPro/devkitARM/lib/gcc/arm-eabi/4.3.3/../../../../arm-eabi/lib/thumb/libg.a(lib_a-strtoul.o)
 .glue_7        0x0201dcfc        0x0 /opt/devkitPro/devkitARM/lib/gcc/arm-eabi/4.3.3/../../../../arm-eabi/lib/thumb/libg.a(lib_a-svfprintf.o)
 .glue_7        0x0201dcfc        0x0 /opt/devkitPro/devkitARM/lib/gcc/arm-eabi/4.3.3/../../../../arm-eabi/lib/thumb/libg.a(lib_a-ungetc.o)
 .glue_7        0x0201dcfc        0x0 /opt/devkitPro/devkitARM/lib/gcc/arm-eabi/4.3.3/../../../../arm-eabi/lib/thumb/libg.a(lib_a-callocr.o)
 .glue_7        0x0201dcfc        0x0 /opt/devkitPro/devkitARM/lib/gcc/arm-eabi/4.3.3/../../../../arm-eabi/lib/thumb/libg.a(lib_a-gdtoa-gethex.o)
 .glue_7        0x0201dcfc        0x0 /opt/devkitPro/devkitARM/lib/gcc/arm-eabi/4.3.3/../../../../arm-eabi/lib/thumb/libg.a(lib_a-gdtoa-hexnan.o)
 .glue_7        0x0201dcfc        0x0 /opt/devkitPro/devkitARM/lib/gcc/arm-eabi/4.3.3/../../../../arm-eabi/lib/thumb/libsysbase.a(iosupport.o)
 .glue_7        0x0201dcfc        0x0 /opt/devkitPro/devkitARM/lib/gcc/arm-eabi/4.3.3/../../../../arm-eabi/lib/thumb/libsysbase.a(close.o)
 .glue_7        0x0201dcfc        0x0 /opt/devkitPro/devkitARM/lib/gcc/arm-eabi/4.3.3/../../../../arm-eabi/lib/thumb/libsysbase.a(fstat.o)
 .glue_7        0x0201dcfc        0x0 /opt/devkitPro/devkitARM/lib/gcc/arm-eabi/4.3.3/../../../../arm-eabi/lib/thumb/libsysbase.a(isatty.o)
 .glue_7        0x0201dcfc        0x0 /opt/devkitPro/devkitARM/lib/gcc/arm-eabi/4.3.3/../../../../arm-eabi/lib/thumb/libsysbase.a(lseek.o)
 .glue_7        0x0201dcfc        0x0 /opt/devkitPro/devkitARM/lib/gcc/arm-eabi/4.3.3/../../../../arm-eabi/lib/thumb/libsysbase.a(open.o)
 .glue_7        0x0201dcfc        0x0 /opt/devkitPro/devkitARM/lib/gcc/arm-eabi/4.3.3/../../../../arm-eabi/lib/thumb/libsysbase.a(read.o)
 .glue_7        0x0201dcfc        0x0 /opt/devkitPro/devkitARM/lib/gcc/arm-eabi/4.3.3/../../../../arm-eabi/lib/thumb/libsysbase.a(sbrk.o)
 .glue_7        0x0201dcfc        0x0 /opt/devkitPro/devkitARM/lib/gcc/arm-eabi/4.3.3/../../../../arm-eabi/lib/thumb/libsysbase.a(times.o)
 .glue_7        0x0201dcfc        0x0 /opt/devkitPro/devkitARM/lib/gcc/arm-eabi/4.3.3/../../../../arm-eabi/lib/thumb/libsysbase.a(write.o)
 .glue_7        0x0201dcfc        0x0 /opt/devkitPro/devkitARM/lib/gcc/arm-eabi/4.3.3/../../../../arm-eabi/lib/thumb/libsysbase.a(malloc_vars.o)
 .glue_7        0x0201dcfc        0x0 /opt/devkitPro/devkitARM/lib/gcc/arm-eabi/4.3.3/../../../../arm-eabi/lib/thumb/libsysbase.a(chdir.o)
 .glue_7        0x0201dcfc        0x0 /opt/devkitPro/devkitARM/lib/gcc/arm-eabi/4.3.3/../../../../arm-eabi/lib/thumb/libsysbase.a(build_argv.o)
 .glue_7        0x0201dcfc        0x0 /opt/devkitPro/devkitARM/lib/gcc/arm-eabi/4.3.3/../../../../arm-eabi/lib/thumb/libsysbase.a(handle_manager.o)
 .glue_7        0x0201dcfc        0x0 /opt/devkitPro/devkitARM/lib/gcc/arm-eabi/4.3.3/thumb/libgcc.a(_addsubdf3.o)
 .glue_7        0x0201dcfc        0x0 /opt/devkitPro/devkitARM/lib/gcc/arm-eabi/4.3.3/thumb/libgcc.a(_muldivdf3.o)
 .glue_7        0x0201dcfc        0x0 /opt/devkitPro/devkitARM/lib/gcc/arm-eabi/4.3.3/thumb/libgcc.a(_cmpdf2.o)
 .glue_7        0x0201dcfc        0x0 /opt/devkitPro/devkitARM/lib/gcc/arm-eabi/4.3.3/thumb/libgcc.a(_fixdfsi.o)
 .glue_7        0x0201dcfc        0x0 /opt/devkitPro/devkitARM/lib/gcc/arm-eabi/4.3.3/thumb/libgcc.a(_fixunsdfsi.o)
 .glue_7        0x0201dcfc        0x0 /opt/devkitPro/devkitARM/lib/gcc/arm-eabi/4.3.3/thumb/libgcc.a(_truncdfsf2.o)
 .glue_7        0x0201dcfc        0x0 /opt/devkitPro/devkitARM/lib/gcc/arm-eabi/4.3.3/../../../../arm-eabi/lib/thumb/libg.a(lib_a-errno.o)
 .glue_7        0x0201dcfc        0x0 /opt/devkitPro/devkitARM/lib/gcc/arm-eabi/4.3.3/thumb/crtend.o
 .glue_7        0x0201dcfc        0x0 /opt/devkitPro/devkitARM/lib/gcc/arm-eabi/4.3.3/thumb/crtn.o
 *(.glue_7t)
 .glue_7t       0x0201dcfc        0x0 /opt/devkitPro/devkitARM/lib/gcc/arm-eabi/4.3.3/../../../../arm-eabi/lib/thumb/ds_arm9_crt0.o
 .glue_7t       0x0201dcfc        0x0 /opt/devkitPro/devkitARM/lib/gcc/arm-eabi/4.3.3/thumb/crti.o
 .glue_7t       0x0201dcfc        0x0 /opt/devkitPro/devkitARM/lib/gcc/arm-eabi/4.3.3/thumb/crtbegin.o
 .glue_7t       0x0201dcfc        0x0 soundbank.bin.o
 .glue_7t       0x0201dcfc        0x0 background_room1_main.o
 .glue_7t       0x0201dcfc        0x0 background_room1.o
 .glue_7t       0x0201dcfc        0x0 digits.o
 .glue_7t       0x0201dcfc        0x0 keyboard.o
 .glue_7t       0x0201dcfc        0x0 locker.o
 .glue_7t       0x0201dcfc        0x0 mergedsub_room1.o
 .glue_7t       0x0201dcfc        0x0 morse.o
 .glue_7t       0x0201dcfc        0x0 start_main.o
 .glue_7t       0x0201dcfc        0x0 start_sub.o
 .glue_7t       0x0201dcfc        0x0 zone.o
 .glue_7t       0x0201dcfc        0x0 Game.o
 .glue_7t       0x0201dcfc        0x0 Game_menu.o
 .glue_7t       0x0201dcfc        0x0 Game_room1.o
 .glue_7t       0x0201dcfc        0x0 Graphics.o
 .glue_7t       0x0201dcfc        0x0 irq_management.o
 .glue_7t       0x0201dcfc        0x0 main.o
 .glue_7t       0x0201dcfc        0x0 object_room1.o
 .glue_7t       0x0201dcfc        0x0 /opt/devkitPro/libnds/lib/libfat.a(libfat.o)
 .glue_7t       0x0201dcfc        0x0 /opt/devkitPro/libnds/lib/libfat.a(partition.o)
 .glue_7t       0x0201dcfc        0x0 /opt/devkitPro/libnds/lib/libfat.a(cache.o)
 .glue_7t       0x0201dcfc        0x0 /opt/devkitPro/libnds/lib/libfat.a(disc.o)
 .glue_7t       0x0201dcfc        0x0 /opt/devkitPro/libnds/lib/libfat.a(fatdir.o)
 .glue_7t       0x0201dcfc        0x0 /opt/devkitPro/libnds/lib/libfat.a(fatfile.o)
 .glue_7t       0x0201dcfc        0x0 /opt/devkitPro/libnds/lib/libfat.a(file_allocation_table.o)
 .glue_7t       0x0201dcfc        0x0 /opt/devkitPro/libnds/lib/libfat.a(filetime.o)
 .glue_7t       0x0201dcfc        0x0 /opt/devkitPro/libnds/lib/libfat.a(directory.o)
 .glue_7t       0x0201dcfc        0x0 /opt/devkitPro/libnds/lib/libnds9.a(initSystem.o)
 .glue_7t       0x0201dcfc        0x0 /opt/devkitPro/libnds/lib/libnds9.a(keys.o)
 .glue_7t       0x0201dcfc        0x0 /opt/devkitPro/libnds/lib/libnds9.a(sprite.o)
 .glue_7t       0x0201dcfc        0x0 /opt/devkitPro/libnds/lib/libnds9.a(sprite_alloc.o)
 .glue_7t       0x0201dcfc        0x0 /opt/devkitPro/libnds/lib/libnds9.a(system.o)
 .glue_7t       0x0201dcfc        0x0 /opt/devkitPro/libnds/lib/libnds9.a(touch.o)
 .glue_7t       0x0201dcfc        0x0 /opt/devkitPro/libnds/lib/libnds9.a(trig.o)
 .glue_7t       0x0201dcfc        0x0 /opt/devkitPro/libnds/lib/libnds9.a(videoGL.o)
 .glue_7t       0x0201dcfc        0x0 /opt/devkitPro/libnds/lib/libnds9.a(dldi.o)
 .glue_7t       0x0201dcfc        0x0 /opt/devkitPro/libnds/lib/libnds9.a(fifosystem.o)
 .glue_7t       0x0201dcfc        0x0 /opt/devkitPro/libnds/lib/libnds9.a(interrupts.o)
 .glue_7t       0x0201dcfc        0x0 /opt/devkitPro/libnds/lib/libnds9.a(dcache.o)
 .glue_7t       0x0201dcfc        0x0 /opt/devkitPro/libnds/lib/libnds9.a(dldi_stub.o)
 .glue_7t       0x0201dcfc        0x0 /opt/devkitPro/libnds/lib/libnds9.a(biosCalls.o)
 .glue_7t       0x0201dcfc        0x0 /opt/devkitPro/libnds/lib/libnds9.a(interruptDispatcher.o)
 .glue_7t       0x0201dcfc        0x0 /opt/devkitPro/libnds/lib/libnds9.a(video.o)
 .glue_7t       0x0201dcfc        0x0 /opt/devkitPro/libnds/lib/libmm9.a(mm_comms.o)
 .glue_7t       0x0201dcfc        0x0 /opt/devkitPro/libnds/lib/libmm9.a(mm_main9.o)
 .glue_7t       0x0201dcfc        0x0 /opt/devkitPro/libnds/lib/libmm9.a(mm_memory.o)
 .glue_7t       0x0201dcfc        0x0 /opt/devkitPro/libnds/lib/libmm9.a(mm_soundbank.o)
 .glue_7t       0x0201dcfc        0x0 /opt/devkitPro/libnds/lib/libmm9.a(mm_flusher.o)
 .glue_7t       0x0201dcfc        0x0 /opt/devkitPro/devkitARM/lib/gcc/arm-eabi/4.3.3/thumb/libgcc.a(_udivsi3.o)
 .glue_7t       0x0201dcfc        0x0 /opt/devkitPro/devkitARM/lib/gcc/arm-eabi/4.3.3/thumb/libgcc.a(_divsi3.o)
 .glue_7t       0x0201dcfc        0x0 /opt/devkitPro/devkitARM/lib/gcc/arm-eabi/4.3.3/thumb/libgcc.a(_dvmd_tls.o)
 .glue_7t       0x0201dcfc        0x0 /opt/devkitPro/devkitARM/lib/gcc/arm-eabi/4.3.3/thumb/libgcc.a(_muldi3.o)
 .glue_7t       0x0201dcfc        0x0 /opt/devkitPro/devkitARM/lib/gcc/arm-eabi/4.3.3/../../../../arm-eabi/lib/thumb/libg.a(lib_a-bsearch.o)
 .glue_7t       0x0201dcfc        0x0 /opt/devkitPro/devkitARM/lib/gcc/arm-eabi/4.3.3/../../../../arm-eabi/lib/thumb/libg.a(lib_a-fclose.o)
 .glue_7t       0x0201dcfc        0x0 /opt/devkitPro/devkitARM/lib/gcc/arm-eabi/4.3.3/../../../../arm-eabi/lib/thumb/libg.a(lib_a-fflush.o)
 .glue_7t       0x0201dcfc        0x0 /opt/devkitPro/devkitARM/lib/gcc/arm-eabi/4.3.3/../../../../arm-eabi/lib/thumb/libg.a(lib_a-findfp.o)
 .glue_7t       0x0201dcfc        0x0 /opt/devkitPro/devkitARM/lib/gcc/arm-eabi/4.3.3/../../../../arm-eabi/lib/thumb/libg.a(lib_a-fopen.o)
 .glue_7t       0x0201dcfc        0x0 /opt/devkitPro/devkitARM/lib/gcc/arm-eabi/4.3.3/../../../../arm-eabi/lib/thumb/libg.a(lib_a-fprintf.o)
 .glue_7t       0x0201dcfc        0x0 /opt/devkitPro/devkitARM/lib/gcc/arm-eabi/4.3.3/../../../../arm-eabi/lib/thumb/libg.a(lib_a-fread.o)
 .glue_7t       0x0201dcfc        0x0 /opt/devkitPro/devkitARM/lib/gcc/arm-eabi/4.3.3/../../../../arm-eabi/lib/thumb/libg.a(lib_a-freer.o)
 .glue_7t       0x0201dcfc        0x0 /opt/devkitPro/devkitARM/lib/gcc/arm-eabi/4.3.3/../../../../arm-eabi/lib/thumb/libg.a(lib_a-fscanf.o)
 .glue_7t       0x0201dcfc        0x0 /opt/devkitPro/devkitARM/lib/gcc/arm-eabi/4.3.3/../../../../arm-eabi/lib/thumb/libg.a(lib_a-fseek.o)
 .glue_7t       0x0201dcfc        0x0 /opt/devkitPro/devkitARM/lib/gcc/arm-eabi/4.3.3/../../../../arm-eabi/lib/thumb/libg.a(lib_a-fwalk.o)
 .glue_7t       0x0201dcfc        0x0 /opt/devkitPro/devkitARM/lib/gcc/arm-eabi/4.3.3/../../../../arm-eabi/lib/thumb/libg.a(lib_a-impure.o)
 .glue_7t       0x0201dcfc        0x0 /opt/devkitPro/devkitARM/lib/gcc/arm-eabi/4.3.3/../../../../arm-eabi/lib/thumb/libg.a(lib_a-init.o)
 .glue_7t       0x0201dcfc        0x0 /opt/devkitPro/devkitARM/lib/gcc/arm-eabi/4.3.3/../../../../arm-eabi/lib/thumb/libg.a(lib_a-lcltime_r.o)
 .glue_7t       0x0201dcfc        0x0 /opt/devkitPro/devkitARM/lib/gcc/arm-eabi/4.3.3/../../../../arm-eabi/lib/thumb/libg.a(lib_a-locale.o)
 .glue_7t       0x0201dcfc        0x0 /opt/devkitPro/devkitARM/lib/gcc/arm-eabi/4.3.3/../../../../arm-eabi/lib/thumb/libg.a(lib_a-makebuf.o)
 .glue_7t       0x0201dcfc        0x0 /opt/devkitPro/devkitARM/lib/gcc/arm-eabi/4.3.3/../../../../arm-eabi/lib/thumb/libg.a(lib_a-malloc.o)
 .glue_7t       0x0201dcfc        0x0 /opt/devkitPro/devkitARM/lib/gcc/arm-eabi/4.3.3/../../../../arm-eabi/lib/thumb/libg.a(lib_a-mallocr.o)
 .glue_7t       0x0201dcfc        0x0 /opt/devkitPro/devkitARM/lib/gcc/arm-eabi/4.3.3/../../../../arm-eabi/lib/thumb/libg.a(lib_a-mbrtowc.o)
 .glue_7t       0x0201dcfc        0x0 /opt/devkitPro/devkitARM/lib/gcc/arm-eabi/4.3.3/../../../../arm-eabi/lib/thumb/libg.a(lib_a-mbsrtowcs.o)
 .glue_7t       0x0201dcfc        0x0 /opt/devkitPro/devkitARM/lib/gcc/arm-eabi/4.3.3/../../../../arm-eabi/lib/thumb/libg.a(lib_a-mbtowc_r.o)
 .glue_7t       0x0201dcfc        0x0 /opt/devkitPro/devkitARM/lib/gcc/arm-eabi/4.3.3/../../../../arm-eabi/lib/thumb/libg.a(lib_a-memcmp.o)
 .glue_7t       0x0201dcfc        0x0 /opt/devkitPro/devkitARM/lib/gcc/arm-eabi/4.3.3/../../../../arm-eabi/lib/thumb/libg.a(lib_a-memcpy.o)
 .glue_7t       0x0201dcfc        0x0 /opt/devkitPro/devkitARM/lib/gcc/arm-eabi/4.3.3/../../../../arm-eabi/lib/thumb/libg.a(lib_a-memmove.o)
 .glue_7t       0x0201dcfc        0x0 /opt/devkitPro/devkitARM/lib/gcc/arm-eabi/4.3.3/../../../../arm-eabi/lib/thumb/libg.a(lib_a-memset.o)
 .glue_7t       0x0201dcfc        0x0 /opt/devkitPro/devkitARM/lib/gcc/arm-eabi/4.3.3/../../../../arm-eabi/lib/thumb/libg.a(lib_a-mktime.o)
 .glue_7t       0x0201dcfc        0x0 /opt/devkitPro/devkitARM/lib/gcc/arm-eabi/4.3.3/../../../../arm-eabi/lib/thumb/libg.a(lib_a-mktm_r.o)
 .glue_7t       0x0201dcfc        0x0 /opt/devkitPro/devkitARM/lib/gcc/arm-eabi/4.3.3/../../../../arm-eabi/lib/thumb/libg.a(lib_a-mlock.o)
 .glue_7t       0x0201dcfc        0x0 /opt/devkitPro/devkitARM/lib/gcc/arm-eabi/4.3.3/../../../../arm-eabi/lib/thumb/libg.a(lib_a-realloc.o)
 .glue_7t       0x0201dcfc        0x0 /opt/devkitPro/devkitARM/lib/gcc/arm-eabi/4.3.3/../../../../arm-eabi/lib/thumb/libg.a(lib_a-reallocr.o)
 .glue_7t       0x0201dcfc        0x0 /opt/devkitPro/devkitARM/lib/gcc/arm-eabi/4.3.3/../../../../arm-eabi/lib/thumb/libg.a(lib_a-refill.o)
 .glue_7t       0x0201dcfc        0x0 /opt/devkitPro/devkitARM/lib/gcc/arm-eabi/4.3.3/../../../../arm-eabi/lib/thumb/libg.a(lib_a-stdio.o)
 .glue_7t       0x0201dcfc        0x0 /opt/devkitPro/devkitARM/lib/gcc/arm-eabi/4.3.3/../../../../arm-eabi/lib/thumb/libg.a(lib_a-strchr.o)
 .glue_7t       0x0201dcfc        0x0 /opt/devkitPro/devkitARM/lib/gcc/arm-eabi/4.3.3/../../../../arm-eabi/lib/thumb/libg.a(lib_a-strcmp.o)
 .glue_7t       0x0201dcfc        0x0 /opt/devkitPro/devkitARM/lib/gcc/arm-eabi/4.3.3/../../../../arm-eabi/lib/thumb/libg.a(lib_a-strcpy.o)
 .glue_7t       0x0201dcfc        0x0 /opt/devkitPro/devkitARM/lib/gcc/arm-eabi/4.3.3/../../../../arm-eabi/lib/thumb/libg.a(lib_a-strlen.o)
 .glue_7t       0x0201dcfc        0x0 /opt/devkitPro/devkitARM/lib/gcc/arm-eabi/4.3.3/../../../../arm-eabi/lib/thumb/libg.a(lib_a-strncasecmp.o)
 .glue_7t       0x0201dcfc        0x0 /opt/devkitPro/devkitARM/lib/gcc/arm-eabi/4.3.3/../../../../arm-eabi/lib/thumb/libg.a(lib_a-strncmp.o)
 .glue_7t       0x0201dcfc        0x0 /opt/devkitPro/devkitARM/lib/gcc/arm-eabi/4.3.3/../../../../arm-eabi/lib/thumb/libg.a(lib_a-strncpy.o)
 .glue_7t       0x0201dcfc        0x0 /opt/devkitPro/devkitARM/lib/gcc/arm-eabi/4.3.3/../../../../arm-eabi/lib/thumb/libg.a(lib_a-strnlen.o)
 .glue_7t       0x0201dcfc        0x0 /opt/devkitPro/devkitARM/lib/gcc/arm-eabi/4.3.3/../../../../arm-eabi/lib/thumb/libg.a(lib_a-strpbrk.o)
 .glue_7t       0x0201dcfc        0x0 /opt/devkitPro/devkitARM/lib/gcc/arm-eabi/4.3.3/../../../../arm-eabi/lib/thumb/libg.a(lib_a-strrchr.o)
 .glue_7t       0x0201dcfc        0x0 /opt/devkitPro/devkitARM/lib/gcc/arm-eabi/4.3.3/../../../../arm-eabi/lib/thumb/libg.a(lib_a-sysclose.o)
 .glue_7t       0x0201dcfc        0x0 /opt/devkitPro/devkitARM/lib/gcc/arm-eabi/4.3.3/../../../../arm-eabi/lib/thumb/libg.a(lib_a-syslseek.o)
 .glue_7t       0x0201dcfc        0x0 /opt/devkitPro/devkitARM/lib/gcc/arm-eabi/4.3.3/../../../../arm-eabi/lib/thumb/libg.a(lib_a-sysopen.o)
 .glue_7t       0x0201dcfc        0x0 /opt/devkitPro/devkitARM/lib/gcc/arm-eabi/4.3.3/../../../../arm-eabi/lib/thumb/libg.a(lib_a-sysread.o)
 .glue_7t       0x0201dcfc        0x0 /opt/devkitPro/devkitARM/lib/gcc/arm-eabi/4.3.3/../../../../arm-eabi/lib/thumb/libg.a(lib_a-time.o)
 .glue_7t       0x0201dcfc        0x0 /opt/devkitPro/devkitARM/lib/gcc/arm-eabi/4.3.3/../../../../arm-eabi/lib/thumb/libg.a(lib_a-towlower.o)
 .glue_7t       0x0201dcfc        0x0 /opt/devkitPro/devkitARM/lib/gcc/arm-eabi/4.3.3/../../../../arm-eabi/lib/thumb/libg.a(lib_a-towupper.o)
 .glue_7t       0x0201dcfc        0x0 /opt/devkitPro/devkitARM/lib/gcc/arm-eabi/4.3.3/../../../../arm-eabi/lib/thumb/libg.a(lib_a-tzlock.o)
 .glue_7t       0x0201dcfc        0x0 /opt/devkitPro/devkitARM/lib/gcc/arm-eabi/4.3.3/../../../../arm-eabi/lib/thumb/libg.a(lib_a-tzvars.o)
 .glue_7t       0x0201dcfc        0x0 /opt/devkitPro/devkitARM/lib/gcc/arm-eabi/4.3.3/../../../../arm-eabi/lib/thumb/libg.a(lib_a-vfprintf.o)
 .glue_7t       0x0201dcfc        0x0 /opt/devkitPro/devkitARM/lib/gcc/arm-eabi/4.3.3/../../../../arm-eabi/lib/thumb/libg.a(lib_a-vfscanf.o)
 .glue_7t       0x0201dcfc        0x0 /opt/devkitPro/devkitARM/lib/gcc/arm-eabi/4.3.3/../../../../arm-eabi/lib/thumb/libg.a(lib_a-wcrtomb.o)
 .glue_7t       0x0201dcfc        0x0 /opt/devkitPro/devkitARM/lib/gcc/arm-eabi/4.3.3/../../../../arm-eabi/lib/thumb/libg.a(lib_a-wcsrtombs.o)
 .glue_7t       0x0201dcfc        0x0 /opt/devkitPro/devkitARM/lib/gcc/arm-eabi/4.3.3/../../../../arm-eabi/lib/thumb/libg.a(lib_a-wctob.o)
 .glue_7t       0x0201dcfc        0x0 /opt/devkitPro/devkitARM/lib/gcc/arm-eabi/4.3.3/../../../../arm-eabi/lib/thumb/libg.a(lib_a-wctomb_r.o)
 .glue_7t       0x0201dcfc        0x0 /opt/devkitPro/devkitARM/lib/gcc/arm-eabi/4.3.3/../../../../arm-eabi/lib/thumb/libg.a(lib_a-wsetup.o)
 .glue_7t       0x0201dcfc        0x0 /opt/devkitPro/devkitARM/lib/gcc/arm-eabi/4.3.3/../../../../arm-eabi/lib/thumb/libg.a(lib_a-ctype_.o)
 .glue_7t       0x0201dcfc        0x0 /opt/devkitPro/devkitARM/lib/gcc/arm-eabi/4.3.3/../../../../arm-eabi/lib/thumb/libg.a(lib_a-div.o)
 .glue_7t       0x0201dcfc        0x0 /opt/devkitPro/devkitARM/lib/gcc/arm-eabi/4.3.3/../../../../arm-eabi/lib/thumb/libg.a(lib_a-dtoa.o)
 .glue_7t       0x0201dcfc        0x0 /opt/devkitPro/devkitARM/lib/gcc/arm-eabi/4.3.3/../../../../arm-eabi/lib/thumb/libg.a(lib_a-flags.o)
 .glue_7t       0x0201dcfc        0x0 /opt/devkitPro/devkitARM/lib/gcc/arm-eabi/4.3.3/../../../../arm-eabi/lib/thumb/libg.a(lib_a-fvwrite.o)
 .glue_7t       0x0201dcfc        0x0 /opt/devkitPro/devkitARM/lib/gcc/arm-eabi/4.3.3/../../../../arm-eabi/lib/thumb/libg.a(lib_a-gettzinfo.o)
 .glue_7t       0x0201dcfc        0x0 /opt/devkitPro/devkitARM/lib/gcc/arm-eabi/4.3.3/../../../../arm-eabi/lib/thumb/libg.a(lib_a-iswspace.o)
 .glue_7t       0x0201dcfc        0x0 /opt/devkitPro/devkitARM/lib/gcc/arm-eabi/4.3.3/../../../../arm-eabi/lib/thumb/libg.a(lib_a-jp2uc.o)
 .glue_7t       0x0201dcfc        0x0 /opt/devkitPro/devkitARM/lib/gcc/arm-eabi/4.3.3/../../../../arm-eabi/lib/thumb/libg.a(lib_a-memchr.o)
 .glue_7t       0x0201dcfc        0x0 /opt/devkitPro/devkitARM/lib/gcc/arm-eabi/4.3.3/../../../../arm-eabi/lib/thumb/libg.a(lib_a-mprec.o)
 .glue_7t       0x0201dcfc        0x0 /opt/devkitPro/devkitARM/lib/gcc/arm-eabi/4.3.3/../../../../arm-eabi/lib/thumb/libg.a(lib_a-s_isinfd.o)
 .glue_7t       0x0201dcfc        0x0 /opt/devkitPro/devkitARM/lib/gcc/arm-eabi/4.3.3/../../../../arm-eabi/lib/thumb/libg.a(lib_a-s_isnand.o)
 .glue_7t       0x0201dcfc        0x0 /opt/devkitPro/devkitARM/lib/gcc/arm-eabi/4.3.3/../../../../arm-eabi/lib/thumb/libg.a(lib_a-sccl.o)
 .glue_7t       0x0201dcfc        0x0 /opt/devkitPro/devkitARM/lib/gcc/arm-eabi/4.3.3/../../../../arm-eabi/lib/thumb/libg.a(lib_a-sf_nan.o)
 .glue_7t       0x0201dcfc        0x0 /opt/devkitPro/devkitARM/lib/gcc/arm-eabi/4.3.3/../../../../arm-eabi/lib/thumb/libg.a(lib_a-sprintf.o)
 .glue_7t       0x0201dcfc        0x0 /opt/devkitPro/devkitARM/lib/gcc/arm-eabi/4.3.3/../../../../arm-eabi/lib/thumb/libg.a(lib_a-strtod.o)
 .glue_7t       0x0201dcfc        0x0 /opt/devkitPro/devkitARM/lib/gcc/arm-eabi/4.3.3/../../../../arm-eabi/lib/thumb/libg.a(lib_a-strtol.o)
 .glue_7t       0x0201dcfc        0x0 /opt/devkitPro/devkitARM/lib/gcc/arm-eabi/4.3.3/../../../../arm-eabi/lib/thumb/libg.a(lib_a-strtoul.o)
 .glue_7t       0x0201dcfc        0x0 /opt/devkitPro/devkitARM/lib/gcc/arm-eabi/4.3.3/../../../../arm-eabi/lib/thumb/libg.a(lib_a-svfprintf.o)
 .glue_7t       0x0201dcfc        0x0 /opt/devkitPro/devkitARM/lib/gcc/arm-eabi/4.3.3/../../../../arm-eabi/lib/thumb/libg.a(lib_a-ungetc.o)
 .glue_7t       0x0201dcfc        0x0 /opt/devkitPro/devkitARM/lib/gcc/arm-eabi/4.3.3/../../../../arm-eabi/lib/thumb/libg.a(lib_a-callocr.o)
 .glue_7t       0x0201dcfc        0x0 /opt/devkitPro/devkitARM/lib/gcc/arm-eabi/4.3.3/../../../../arm-eabi/lib/thumb/libg.a(lib_a-gdtoa-gethex.o)
 .glue_7t       0x0201dcfc        0x0 /opt/devkitPro/devkitARM/lib/gcc/arm-eabi/4.3.3/../../../../arm-eabi/lib/thumb/libg.a(lib_a-gdtoa-hexnan.o)
 .glue_7t       0x0201dcfc        0x0 /opt/devkitPro/devkitARM/lib/gcc/arm-eabi/4.3.3/../../../../arm-eabi/lib/thumb/libsysbase.a(iosupport.o)
 .glue_7t       0x0201dcfc        0x0 /opt/devkitPro/devkitARM/lib/gcc/arm-eabi/4.3.3/../../../../arm-eabi/lib/thumb/libsysbase.a(close.o)
 .glue_7t       0x0201dcfc        0x0 /opt/devkitPro/devkitARM/lib/gcc/arm-eabi/4.3.3/../../../../arm-eabi/lib/thumb/libsysbase.a(fstat.o)
 .glue_7t       0x0201dcfc        0x0 /opt/devkitPro/devkitARM/lib/gcc/arm-eabi/4.3.3/../../../../arm-eabi/lib/thumb/libsysbase.a(isatty.o)
 .glue_7t       0x0201dcfc        0x0 /opt/devkitPro/devkitARM/lib/gcc/arm-eabi/4.3.3/../../../../arm-eabi/lib/thumb/libsysbase.a(lseek.o)
 .glue_7t       0x0201dcfc        0x0 /opt/devkitPro/devkitARM/lib/gcc/arm-eabi/4.3.3/../../../../arm-eabi/lib/thumb/libsysbase.a(open.o)
 .glue_7t       0x0201dcfc        0x0 /opt/devkitPro/devkitARM/lib/gcc/arm-eabi/4.3.3/../../../../arm-eabi/lib/thumb/libsysbase.a(read.o)
 .glue_7t       0x0201dcfc        0x0 /opt/devkitPro/devkitARM/lib/gcc/arm-eabi/4.3.3/../../../../arm-eabi/lib/thumb/libsysbase.a(sbrk.o)
 .glue_7t       0x0201dcfc        0x0 /opt/devkitPro/devkitARM/lib/gcc/arm-eabi/4.3.3/../../../../arm-eabi/lib/thumb/libsysbase.a(times.o)
 .glue_7t       0x0201dcfc        0x0 /opt/devkitPro/devkitARM/lib/gcc/arm-eabi/4.3.3/../../../../arm-eabi/lib/thumb/libsysbase.a(write.o)
 .glue_7t       0x0201dcfc        0x0 /opt/devkitPro/devkitARM/lib/gcc/arm-eabi/4.3.3/../../../../arm-eabi/lib/thumb/libsysbase.a(malloc_vars.o)
 .glue_7t       0x0201dcfc        0x0 /opt/devkitPro/devkitARM/lib/gcc/arm-eabi/4.3.3/../../../../arm-eabi/lib/thumb/libsysbase.a(chdir.o)
 .glue_7t       0x0201dcfc        0x0 /opt/devkitPro/devkitARM/lib/gcc/arm-eabi/4.3.3/../../../../arm-eabi/lib/thumb/libsysbase.a(build_argv.o)
 .glue_7t       0x0201dcfc        0x0 /opt/devkitPro/devkitARM/lib/gcc/arm-eabi/4.3.3/../../../../arm-eabi/lib/thumb/libsysbase.a(handle_manager.o)
 .glue_7t       0x0201dcfc        0x0 /opt/devkitPro/devkitARM/lib/gcc/arm-eabi/4.3.3/thumb/libgcc.a(_addsubdf3.o)
 .glue_7t       0x0201dcfc        0x0 /opt/devkitPro/devkitARM/lib/gcc/arm-eabi/4.3.3/thumb/libgcc.a(_muldivdf3.o)
 .glue_7t       0x0201dcfc        0x0 /opt/devkitPro/devkitARM/lib/gcc/arm-eabi/4.3.3/thumb/libgcc.a(_cmpdf2.o)
 .glue_7t       0x0201dcfc        0x0 /opt/devkitPro/devkitARM/lib/gcc/arm-eabi/4.3.3/thumb/libgcc.a(_fixdfsi.o)
 .glue_7t       0x0201dcfc        0x0 /opt/devkitPro/devkitARM/lib/gcc/arm-eabi/4.3.3/thumb/libgcc.a(_fixunsdfsi.o)
 .glue_7t       0x0201dcfc        0x0 /opt/devkitPro/devkitARM/lib/gcc/arm-eabi/4.3.3/thumb/libgcc.a(_truncdfsf2.o)
 .glue_7t       0x0201dcfc        0x0 /opt/devkitPro/devkitARM/lib/gcc/arm-eabi/4.3.3/../../../../arm-eabi/lib/thumb/libg.a(lib_a-errno.o)
 .glue_7t       0x0201dcfc        0x0 /opt/devkitPro/devkitARM/lib/gcc/arm-eabi/4.3.3/thumb/crtend.o
 .glue_7t       0x0201dcfc        0x0 /opt/devkitPro/devkitARM/lib/gcc/arm-eabi/4.3.3/thumb/crtn.o
                0x0201dcfc                . = ALIGN (0x4)

.vfp11_veneer   0x00000000        0x0
 .vfp11_veneer  0x00000000        0x0 /opt/devkitPro/devkitARM/lib/gcc/arm-eabi/4.3.3/../../../../arm-eabi/lib/thumb/ds_arm9_crt0.o
 .vfp11_veneer  0x00000000        0x0 /opt/devkitPro/devkitARM/lib/gcc/arm-eabi/4.3.3/thumb/crti.o
 .vfp11_veneer  0x00000000        0x0 /opt/devkitPro/devkitARM/lib/gcc/arm-eabi/4.3.3/thumb/crtbegin.o
 .vfp11_veneer  0x00000000        0x0 soundbank.bin.o
 .vfp11_veneer  0x00000000        0x0 background_room1_main.o
 .vfp11_veneer  0x00000000        0x0 background_room1.o
 .vfp11_veneer  0x00000000        0x0 digits.o
 .vfp11_veneer  0x00000000        0x0 keyboard.o
 .vfp11_veneer  0x00000000        0x0 locker.o
 .vfp11_veneer  0x00000000        0x0 mergedsub_room1.o
 .vfp11_veneer  0x00000000        0x0 morse.o
 .vfp11_veneer  0x00000000        0x0 start_main.o
 .vfp11_veneer  0x00000000        0x0 start_sub.o
 .vfp11_veneer  0x00000000        0x0 zone.o
 .vfp11_veneer  0x00000000        0x0 Game.o
 .vfp11_veneer  0x00000000        0x0 Game_menu.o
 .vfp11_veneer  0x00000000        0x0 Game_room1.o
 .vfp11_veneer  0x00000000        0x0 Graphics.o
 .vfp11_veneer  0x00000000        0x0 irq_management.o
 .vfp11_veneer  0x00000000        0x0 main.o
 .vfp11_veneer  0x00000000        0x0 object_room1.o
 .vfp11_veneer  0x00000000        0x0 /opt/devkitPro/libnds/lib/libfat.a(libfat.o)
 .vfp11_veneer  0x00000000        0x0 /opt/devkitPro/libnds/lib/libfat.a(partition.o)
 .vfp11_veneer  0x00000000        0x0 /opt/devkitPro/libnds/lib/libfat.a(cache.o)
 .vfp11_veneer  0x00000000        0x0 /opt/devkitPro/libnds/lib/libfat.a(disc.o)
 .vfp11_veneer  0x00000000        0x0 /opt/devkitPro/libnds/lib/libfat.a(fatdir.o)
 .vfp11_veneer  0x00000000        0x0 /opt/devkitPro/libnds/lib/libfat.a(fatfile.o)
 .vfp11_veneer  0x00000000        0x0 /opt/devkitPro/libnds/lib/libfat.a(file_allocation_table.o)
 .vfp11_veneer  0x00000000        0x0 /opt/devkitPro/libnds/lib/libfat.a(filetime.o)
 .vfp11_veneer  0x00000000        0x0 /opt/devkitPro/libnds/lib/libfat.a(directory.o)
 .vfp11_veneer  0x00000000        0x0 /opt/devkitPro/libnds/lib/libnds9.a(initSystem.o)
 .vfp11_veneer  0x00000000        0x0 /opt/devkitPro/libnds/lib/libnds9.a(keys.o)
 .vfp11_veneer  0x00000000        0x0 /opt/devkitPro/libnds/lib/libnds9.a(sprite.o)
 .vfp11_veneer  0x00000000        0x0 /opt/devkitPro/libnds/lib/libnds9.a(sprite_alloc.o)
 .vfp11_veneer  0x00000000        0x0 /opt/devkitPro/libnds/lib/libnds9.a(system.o)
 .vfp11_veneer  0x00000000        0x0 /opt/devkitPro/libnds/lib/libnds9.a(touch.o)
 .vfp11_veneer  0x00000000        0x0 /opt/devkitPro/libnds/lib/libnds9.a(trig.o)
 .vfp11_veneer  0x00000000        0x0 /opt/devkitPro/libnds/lib/libnds9.a(videoGL.o)
 .vfp11_veneer  0x00000000        0x0 /opt/devkitPro/libnds/lib/libnds9.a(dldi.o)
 .vfp11_veneer  0x00000000        0x0 /opt/devkitPro/libnds/lib/libnds9.a(fifosystem.o)
 .vfp11_veneer  0x00000000        0x0 /opt/devkitPro/libnds/lib/libnds9.a(interrupts.o)
 .vfp11_veneer  0x00000000        0x0 /opt/devkitPro/libnds/lib/libnds9.a(dcache.o)
 .vfp11_veneer  0x00000000        0x0 /opt/devkitPro/libnds/lib/libnds9.a(dldi_stub.o)
 .vfp11_veneer  0x00000000        0x0 /opt/devkitPro/libnds/lib/libnds9.a(biosCalls.o)
 .vfp11_veneer  0x00000000        0x0 /opt/devkitPro/libnds/lib/libnds9.a(interruptDispatcher.o)
 .vfp11_veneer  0x00000000        0x0 /opt/devkitPro/libnds/lib/libnds9.a(video.o)
 .vfp11_veneer  0x00000000        0x0 /opt/devkitPro/libnds/lib/libmm9.a(mm_comms.o)
 .vfp11_veneer  0x00000000        0x0 /opt/devkitPro/libnds/lib/libmm9.a(mm_main9.o)
 .vfp11_veneer  0x00000000        0x0 /opt/devkitPro/libnds/lib/libmm9.a(mm_memory.o)
 .vfp11_veneer  0x00000000        0x0 /opt/devkitPro/libnds/lib/libmm9.a(mm_soundbank.o)
 .vfp11_veneer  0x00000000        0x0 /opt/devkitPro/libnds/lib/libmm9.a(mm_flusher.o)
 .vfp11_veneer  0x00000000        0x0 /opt/devkitPro/devkitARM/lib/gcc/arm-eabi/4.3.3/thumb/libgcc.a(_udivsi3.o)
 .vfp11_veneer  0x00000000        0x0 /opt/devkitPro/devkitARM/lib/gcc/arm-eabi/4.3.3/thumb/libgcc.a(_divsi3.o)
 .vfp11_veneer  0x00000000        0x0 /opt/devkitPro/devkitARM/lib/gcc/arm-eabi/4.3.3/thumb/libgcc.a(_dvmd_tls.o)
 .vfp11_veneer  0x00000000        0x0 /opt/devkitPro/devkitARM/lib/gcc/arm-eabi/4.3.3/thumb/libgcc.a(_muldi3.o)
 .vfp11_veneer  0x00000000        0x0 /opt/devkitPro/devkitARM/lib/gcc/arm-eabi/4.3.3/../../../../arm-eabi/lib/thumb/libg.a(lib_a-bsearch.o)
 .vfp11_veneer  0x00000000        0x0 /opt/devkitPro/devkitARM/lib/gcc/arm-eabi/4.3.3/../../../../arm-eabi/lib/thumb/libg.a(lib_a-fclose.o)
 .vfp11_veneer  0x00000000        0x0 /opt/devkitPro/devkitARM/lib/gcc/arm-eabi/4.3.3/../../../../arm-eabi/lib/thumb/libg.a(lib_a-fflush.o)
 .vfp11_veneer  0x00000000        0x0 /opt/devkitPro/devkitARM/lib/gcc/arm-eabi/4.3.3/../../../../arm-eabi/lib/thumb/libg.a(lib_a-findfp.o)
 .vfp11_veneer  0x00000000        0x0 /opt/devkitPro/devkitARM/lib/gcc/arm-eabi/4.3.3/../../../../arm-eabi/lib/thumb/libg.a(lib_a-fopen.o)
 .vfp11_veneer  0x00000000        0x0 /opt/devkitPro/devkitARM/lib/gcc/arm-eabi/4.3.3/../../../../arm-eabi/lib/thumb/libg.a(lib_a-fprintf.o)
 .vfp11_veneer  0x00000000        0x0 /opt/devkitPro/devkitARM/lib/gcc/arm-eabi/4.3.3/../../../../arm-eabi/lib/thumb/libg.a(lib_a-fread.o)
 .vfp11_veneer  0x00000000        0x0 /opt/devkitPro/devkitARM/lib/gcc/arm-eabi/4.3.3/../../../../arm-eabi/lib/thumb/libg.a(lib_a-freer.o)
 .vfp11_veneer  0x00000000        0x0 /opt/devkitPro/devkitARM/lib/gcc/arm-eabi/4.3.3/../../../../arm-eabi/lib/thumb/libg.a(lib_a-fscanf.o)
 .vfp11_veneer  0x00000000        0x0 /opt/devkitPro/devkitARM/lib/gcc/arm-eabi/4.3.3/../../../../arm-eabi/lib/thumb/libg.a(lib_a-fseek.o)
 .vfp11_veneer  0x00000000        0x0 /opt/devkitPro/devkitARM/lib/gcc/arm-eabi/4.3.3/../../../../arm-eabi/lib/thumb/libg.a(lib_a-fwalk.o)
 .vfp11_veneer  0x00000000        0x0 /opt/devkitPro/devkitARM/lib/gcc/arm-eabi/4.3.3/../../../../arm-eabi/lib/thumb/libg.a(lib_a-impure.o)
 .vfp11_veneer  0x00000000        0x0 /opt/devkitPro/devkitARM/lib/gcc/arm-eabi/4.3.3/../../../../arm-eabi/lib/thumb/libg.a(lib_a-init.o)
 .vfp11_veneer  0x00000000        0x0 /opt/devkitPro/devkitARM/lib/gcc/arm-eabi/4.3.3/../../../../arm-eabi/lib/thumb/libg.a(lib_a-lcltime_r.o)
 .vfp11_veneer  0x00000000        0x0 /opt/devkitPro/devkitARM/lib/gcc/arm-eabi/4.3.3/../../../../arm-eabi/lib/thumb/libg.a(lib_a-locale.o)
 .vfp11_veneer  0x00000000        0x0 /opt/devkitPro/devkitARM/lib/gcc/arm-eabi/4.3.3/../../../../arm-eabi/lib/thumb/libg.a(lib_a-makebuf.o)
 .vfp11_veneer  0x00000000        0x0 /opt/devkitPro/devkitARM/lib/gcc/arm-eabi/4.3.3/../../../../arm-eabi/lib/thumb/libg.a(lib_a-malloc.o)
 .vfp11_veneer  0x00000000        0x0 /opt/devkitPro/devkitARM/lib/gcc/arm-eabi/4.3.3/../../../../arm-eabi/lib/thumb/libg.a(lib_a-mallocr.o)
 .vfp11_veneer  0x00000000        0x0 /opt/devkitPro/devkitARM/lib/gcc/arm-eabi/4.3.3/../../../../arm-eabi/lib/thumb/libg.a(lib_a-mbrtowc.o)
 .vfp11_veneer  0x00000000        0x0 /opt/devkitPro/devkitARM/lib/gcc/arm-eabi/4.3.3/../../../../arm-eabi/lib/thumb/libg.a(lib_a-mbsrtowcs.o)
 .vfp11_veneer  0x00000000        0x0 /opt/devkitPro/devkitARM/lib/gcc/arm-eabi/4.3.3/../../../../arm-eabi/lib/thumb/libg.a(lib_a-mbtowc_r.o)
 .vfp11_veneer  0x00000000        0x0 /opt/devkitPro/devkitARM/lib/gcc/arm-eabi/4.3.3/../../../../arm-eabi/lib/thumb/libg.a(lib_a-memcmp.o)
 .vfp11_veneer  0x00000000        0x0 /opt/devkitPro/devkitARM/lib/gcc/arm-eabi/4.3.3/../../../../arm-eabi/lib/thumb/libg.a(lib_a-memcpy.o)
 .vfp11_veneer  0x00000000        0x0 /opt/devkitPro/devkitARM/lib/gcc/arm-eabi/4.3.3/../../../../arm-eabi/lib/thumb/libg.a(lib_a-memmove.o)
 .vfp11_veneer  0x00000000        0x0 /opt/devkitPro/devkitARM/lib/gcc/arm-eabi/4.3.3/../../../../arm-eabi/lib/thumb/libg.a(lib_a-memset.o)
 .vfp11_veneer  0x00000000        0x0 /opt/devkitPro/devkitARM/lib/gcc/arm-eabi/4.3.3/../../../../arm-eabi/lib/thumb/libg.a(lib_a-mktime.o)
 .vfp11_veneer  0x00000000        0x0 /opt/devkitPro/devkitARM/lib/gcc/arm-eabi/4.3.3/../../../../arm-eabi/lib/thumb/libg.a(lib_a-mktm_r.o)
 .vfp11_veneer  0x00000000        0x0 /opt/devkitPro/devkitARM/lib/gcc/arm-eabi/4.3.3/../../../../arm-eabi/lib/thumb/libg.a(lib_a-mlock.o)
 .vfp11_veneer  0x00000000        0x0 /opt/devkitPro/devkitARM/lib/gcc/arm-eabi/4.3.3/../../../../arm-eabi/lib/thumb/libg.a(lib_a-realloc.o)
 .vfp11_veneer  0x00000000        0x0 /opt/devkitPro/devkitARM/lib/gcc/arm-eabi/4.3.3/../../../../arm-eabi/lib/thumb/libg.a(lib_a-reallocr.o)
 .vfp11_veneer  0x00000000        0x0 /opt/devkitPro/devkitARM/lib/gcc/arm-eabi/4.3.3/../../../../arm-eabi/lib/thumb/libg.a(lib_a-refill.o)
 .vfp11_veneer  0x00000000        0x0 /opt/devkitPro/devkitARM/lib/gcc/arm-eabi/4.3.3/../../../../arm-eabi/lib/thumb/libg.a(lib_a-stdio.o)
 .vfp11_veneer  0x00000000        0x0 /opt/devkitPro/devkitARM/lib/gcc/arm-eabi/4.3.3/../../../../arm-eabi/lib/thumb/libg.a(lib_a-strchr.o)
 .vfp11_veneer  0x00000000        0x0 /opt/devkitPro/devkitARM/lib/gcc/arm-eabi/4.3.3/../../../../arm-eabi/lib/thumb/libg.a(lib_a-strcmp.o)
 .vfp11_veneer  0x00000000        0x0 /opt/devkitPro/devkitARM/lib/gcc/arm-eabi/4.3.3/../../../../arm-eabi/lib/thumb/libg.a(lib_a-strcpy.o)